Archive member included because of file (symbol)

/opt/altera/13.0sp1/nios2eds/bin/gnu/H-i686-pc-linux-gnu/bin/../lib/gcc/nios2-elf/4.1.2/mno-hw-mul/libgcc.a(_si_to_sf.o)
                              obj/default/cruise_skeleton.o (__floatsisf)
/opt/altera/13.0sp1/nios2eds/bin/gnu/H-i686-pc-linux-gnu/bin/../lib/gcc/nios2-elf/4.1.2/mno-hw-mul/libgcc.a(_sf_to_df.o)
                              obj/default/cruise_skeleton.o (__extendsfdf2)
/opt/altera/13.0sp1/nios2eds/bin/gnu/H-i686-pc-linux-gnu/bin/../lib/gcc/nios2-elf/4.1.2/mno-hw-mul/libgcc.a(_addsub_df.o)
                              obj/default/cruise_skeleton.o (__adddf3)
/opt/altera/13.0sp1/nios2eds/bin/gnu/H-i686-pc-linux-gnu/bin/../lib/gcc/nios2-elf/4.1.2/mno-hw-mul/libgcc.a(_div_df.o)
                              obj/default/cruise_skeleton.o (__divdf3)
/opt/altera/13.0sp1/nios2eds/bin/gnu/H-i686-pc-linux-gnu/bin/../lib/gcc/nios2-elf/4.1.2/mno-hw-mul/libgcc.a(_si_to_df.o)
                              obj/default/cruise_skeleton.o (__floatsidf)
/opt/altera/13.0sp1/nios2eds/bin/gnu/H-i686-pc-linux-gnu/bin/../lib/gcc/nios2-elf/4.1.2/mno-hw-mul/libgcc.a(_df_to_si.o)
                              obj/default/cruise_skeleton.o (__fixdfsi)
/opt/altera/13.0sp1/nios2eds/bin/gnu/H-i686-pc-linux-gnu/bin/../lib/gcc/nios2-elf/4.1.2/mno-hw-mul/libgcc.a(_make_df.o)
                              /opt/altera/13.0sp1/nios2eds/bin/gnu/H-i686-pc-linux-gnu/bin/../lib/gcc/nios2-elf/4.1.2/mno-hw-mul/libgcc.a(_sf_to_df.o) (__make_dp)
/opt/altera/13.0sp1/nios2eds/bin/gnu/H-i686-pc-linux-gnu/bin/../lib/gcc/nios2-elf/4.1.2/mno-hw-mul/libgcc.a(_thenan_df.o)
                              /opt/altera/13.0sp1/nios2eds/bin/gnu/H-i686-pc-linux-gnu/bin/../lib/gcc/nios2-elf/4.1.2/mno-hw-mul/libgcc.a(_addsub_df.o) (__thenan_df)
/opt/altera/13.0sp1/nios2eds/bin/gnu/H-i686-pc-linux-gnu/bin/../lib/gcc/nios2-elf/4.1.2/mno-hw-mul/libgcc.a(lib2-divmod.o)
                              obj/default/cruise_skeleton.o (__divsi3)
/opt/altera/13.0sp1/nios2eds/bin/gnu/H-i686-pc-linux-gnu/bin/../lib/gcc/nios2-elf/4.1.2/mno-hw-mul/libgcc.a(lib2-mul.o)
                              obj/default/cruise_skeleton.o (__mulsi3)
/opt/altera/13.0sp1/nios2eds/bin/gnu/H-i686-pc-linux-gnu/bin/../lib/gcc/nios2-elf/4.1.2/mno-hw-mul/libgcc.a(_clzsi2.o)
                              /opt/altera/13.0sp1/nios2eds/bin/gnu/H-i686-pc-linux-gnu/bin/../lib/gcc/nios2-elf/4.1.2/mno-hw-mul/libgcc.a(_si_to_sf.o) (__clzsi2)
/opt/altera/13.0sp1/nios2eds/bin/gnu/H-i686-pc-linux-gnu/bin/../lib/gcc/nios2-elf/4.1.2/mno-hw-mul/libgcc.a(_pack_sf.o)
                              /opt/altera/13.0sp1/nios2eds/bin/gnu/H-i686-pc-linux-gnu/bin/../lib/gcc/nios2-elf/4.1.2/mno-hw-mul/libgcc.a(_si_to_sf.o) (__pack_f)
/opt/altera/13.0sp1/nios2eds/bin/gnu/H-i686-pc-linux-gnu/bin/../lib/gcc/nios2-elf/4.1.2/mno-hw-mul/libgcc.a(_unpack_sf.o)
                              /opt/altera/13.0sp1/nios2eds/bin/gnu/H-i686-pc-linux-gnu/bin/../lib/gcc/nios2-elf/4.1.2/mno-hw-mul/libgcc.a(_sf_to_df.o) (__unpack_f)
/opt/altera/13.0sp1/nios2eds/bin/gnu/H-i686-pc-linux-gnu/bin/../lib/gcc/nios2-elf/4.1.2/mno-hw-mul/libgcc.a(_pack_df.o)
                              /opt/altera/13.0sp1/nios2eds/bin/gnu/H-i686-pc-linux-gnu/bin/../lib/gcc/nios2-elf/4.1.2/mno-hw-mul/libgcc.a(_addsub_df.o) (__pack_d)
/opt/altera/13.0sp1/nios2eds/bin/gnu/H-i686-pc-linux-gnu/bin/../lib/gcc/nios2-elf/4.1.2/mno-hw-mul/libgcc.a(_unpack_df.o)
                              /opt/altera/13.0sp1/nios2eds/bin/gnu/H-i686-pc-linux-gnu/bin/../lib/gcc/nios2-elf/4.1.2/mno-hw-mul/libgcc.a(_addsub_df.o) (__unpack_d)
/opt/altera/13.0sp1/nios2eds/bin/gnu/H-i686-pc-linux-gnu/bin/../lib/gcc/nios2-elf/4.1.2/mno-hw-mul/libgcc.a(_clz.o)
                              /opt/altera/13.0sp1/nios2eds/bin/gnu/H-i686-pc-linux-gnu/bin/../lib/gcc/nios2-elf/4.1.2/mno-hw-mul/libgcc.a(_clzsi2.o) (__clz_tab)
/opt/altera/13.0sp1/nios2eds/bin/gnu/H-i686-pc-linux-gnu/bin/../lib/gcc/nios2-elf/4.1.2/../../../../nios2-elf/lib/mno-hw-mul/libc.a(lib_a-printf.o)
                              obj/default/cruise_skeleton.o (printf)
/opt/altera/13.0sp1/nios2eds/bin/gnu/H-i686-pc-linux-gnu/bin/../lib/gcc/nios2-elf/4.1.2/../../../../nios2-elf/lib/mno-hw-mul/libc.a(lib_a-puts.o)
                              obj/default/cruise_skeleton.o (puts)
/opt/altera/13.0sp1/nios2eds/bin/gnu/H-i686-pc-linux-gnu/bin/../lib/gcc/nios2-elf/4.1.2/../../../../nios2-elf/lib/mno-hw-mul/libc.a(lib_a-strlen.o)
                              /opt/altera/13.0sp1/nios2eds/bin/gnu/H-i686-pc-linux-gnu/bin/../lib/gcc/nios2-elf/4.1.2/../../../../nios2-elf/lib/mno-hw-mul/libc.a(lib_a-puts.o) (strlen)
/opt/altera/13.0sp1/nios2eds/bin/gnu/H-i686-pc-linux-gnu/bin/../lib/gcc/nios2-elf/4.1.2/../../../../nios2-elf/lib/mno-hw-mul/libc.a(lib_a-vfprintf.o)
                              /opt/altera/13.0sp1/nios2eds/bin/gnu/H-i686-pc-linux-gnu/bin/../lib/gcc/nios2-elf/4.1.2/../../../../nios2-elf/lib/mno-hw-mul/libc.a(lib_a-printf.o) (___vfprintf_internal_r)
[...]
Memory Configuration

Name             Origin             Length             Attributes
onchip_memory    0x00000000         0x00006400
sram             0x00100000         0x00080000
reset            0x01000000         0x00000020
sdram            0x01000020         0x007fffe0
*default*        0x00000000         0xffffffff

Linker script and memory map

LOAD ../bsp//obj/HAL/src/crt0.o
LOAD obj/default/cruise_skeleton.o
LOAD /opt/altera/13.0sp1/nios2eds/bin/gnu/H-i686-pc-linux-gnu/bin/../lib/gcc/nios2-elf/4.1.2/../../../../nios2-elf/lib/mno-hw-mul/libstdc++.a
LOAD /opt/altera/13.0sp1/nios2eds/bin/gnu/H-i686-pc-linux-gnu/bin/../lib/gcc/nios2-elf/4.1.2/../../../../nios2-elf/lib/mno-hw-mul/libm.a
LOAD /opt/altera/13.0sp1/nios2eds/bin/gnu/H-i686-pc-linux-gnu/bin/../lib/gcc/nios2-elf/4.1.2/mno-hw-mul/libgcc.a
START GROUP
LOAD /opt/altera/13.0sp1/nios2eds/bin/gnu/H-i686-pc-linux-gnu/bin/../lib/gcc/nios2-elf/4.1.2/../../../../nios2-elf/lib/mno-hw-mul/libc.a
LOAD /opt/altera/13.0sp1/nios2eds/bin/gnu/H-i686-pc-linux-gnu/bin/../lib/gcc/nios2-elf/4.1.2/mno-hw-mul/libgcc.a
LOAD ../bsp//libucosii_bsp.a
END GROUP
LOAD /opt/altera/13.0sp1/nios2eds/bin/gnu/H-i686-pc-linux-gnu/bin/../lib/gcc/nios2-elf/4.1.2/mno-hw-mul/libgcc.a
                0x00000000                __alt_mem_onchip_memory = 0x0
                0x00100000                __alt_mem_sram = 0x100000
                0x01000000                __alt_mem_sdram = 0x1000000

.entry          0x01000000       0x20
 *(.entry)
 .entry         0x01000000       0x20 ../bsp//obj/HAL/src/crt0.o
                0x01000000                __reset

.exceptions     0x01000020      0x124 load address 0x00100000
                0x01000020                PROVIDE (__ram_exceptions_start, ABSOLUTE (.))
                0x01000020                . = ALIGN (0x20)
 *(.irq)
 *(.exceptions.entry.label)
 .exceptions.entry.label
                0x01000020        0x0 ../bsp//libucosii_bsp.a(alt_irq_entry.o)
                0x01000020                alt_irq_entry
 .exceptions.entry.label
                0x01000020        0x0 ../bsp//libucosii_bsp.a(alt_exception_entry.o)
                0x01000020                alt_exception
 *(.exceptions.entry.user)
 *(.exceptions.entry)
 .exceptions.entry
                0x01000020       0x54 ../bsp//libucosii_bsp.a(alt_exception_entry.o)
 *(.exceptions.irqtest.user)
 *(.exceptions.irqtest)
 .exceptions.irqtest
                0x01000074       0x10 ../bsp//libucosii_bsp.a(alt_irq_entry.o)
 *(.exceptions.irqhandler.user)
 *(.exceptions.irqhandler)
 .exceptions.irqhandler
                0x01000084        0x4 ../bsp//libucosii_bsp.a(alt_irq_entry.o)
 *(.exceptions.irqreturn.user)
 *(.exceptions.irqreturn)
 .exceptions.irqreturn
                0x01000088        0x4 ../bsp//libucosii_bsp.a(alt_irq_entry.o)
 *(.exceptions.notirq.label)
 .exceptions.notirq.label
                0x0100008c        0x0 ../bsp//libucosii_bsp.a(alt_irq_entry.o)
 *(.exceptions.notirq.user)
 *(.exceptions.notirq)
 .exceptions.notirq
                0x0100008c        0x8 ../bsp//libucosii_bsp.a(alt_exception_entry.o)
 *(.exceptions.soft.user)
 *(.exceptions.soft)
 *(.exceptions.unknown.user)
 *(.exceptions.unknown)
 .exceptions.unknown
                0x01000094        0x4 ../bsp//libucosii_bsp.a(alt_exception_entry.o)
 *(.exceptions.exit.label)
 .exceptions.exit.label
                0x01000098        0x0 ../bsp//libucosii_bsp.a(alt_irq_entry.o)
 .exceptions.exit.label
                0x01000098        0x0 ../bsp//libucosii_bsp.a(alt_exception_entry.o)
 *(.exceptions.exit.user)
 *(.exceptions.exit)
 .exceptions.exit
                0x01000098       0x54 ../bsp//libucosii_bsp.a(alt_exception_entry.o)
 *(.exceptions)
 .exceptions    0x010000ec       0x58 ../bsp//libucosii_bsp.a(alt_irq_handler.o)
                0x010000ec                alt_irq_handler
                0x01000144                PROVIDE (__ram_exceptions_end, ABSOLUTE (.))
                0x00100000                PROVIDE (__flash_exceptions_start, LOADADDR (.exceptions))

.text           0x00100124    0x12898
                0x00100124                PROVIDE (stext, ABSOLUTE (.))
 *(.interp)
 *(.hash)
 *(.dynsym)
 *(.dynstr)
 *(.gnu.version)
 *(.gnu.version_d)
 *(.gnu.version_r)
 *(.rel.init)
 *(.rela.init)
 *(.rel.text .rel.text.* .rel.gnu.linkonce.t.*)
 *(.rela.text .rela.text.* .rela.gnu.linkonce.t.*)
 *(.rel.fini)
 *(.rela.fini)
 *(.rel.rodata .rel.rodata.* .rel.gnu.linkonce.r.*)
 *(.rela.rodata .rela.rodata.* .rela.gnu.linkonce.r.*)
 *(.rel.data .rel.data.* .rel.gnu.linkonce.d.*)
 *(.rela.data .rela.data.* .rela.gnu.linkonce.d.*)
 *(.rel.tdata .rel.tdata.* .rel.gnu.linkonce.td.*)
 *(.rela.tdata .rela.tdata.* .rela.gnu.linkonce.td.*)
 *(.rel.tbss .rel.tbss.* .rel.gnu.linkonce.tb.*)
 *(.rela.tbss .rela.tbss.* .rela.gnu.linkonce.tb.*)
 *(.rel.ctors)
 *(.rela.ctors)
 *(.rel.dtors)
 *(.rela.dtors)
 *(.rel.got)
 *(.rela.got)
 *(.rel.sdata .rel.sdata.* .rel.gnu.linkonce.s.*)
 *(.rela.sdata .rela.sdata.* .rela.gnu.linkonce.s.*)
 *(.rel.sbss .rel.sbss.* .rel.gnu.linkonce.sb.*)
 *(.rela.sbss .rela.sbss.* .rela.gnu.linkonce.sb.*)
 *(.rel.sdata2 .rel.sdata2.* .rel.gnu.linkonce.s2.*)
 *(.rela.sdata2 .rela.sdata2.* .rela.gnu.linkonce.s2.*)
 *(.rel.sbss2 .rel.sbss2.* .rel.gnu.linkonce.sb2.*)
 *(.rela.sbss2 .rela.sbss2.* .rela.gnu.linkonce.sb2.*)
 *(.rel.bss .rel.bss.* .rel.gnu.linkonce.b.*)
 *(.rela.bss .rela.bss.* .rela.gnu.linkonce.b.*)
 *(.rel.plt)
 *(.rela.plt)
 *(.rel.dyn)
 *(.init)
 *(.plt)
 *(.text .stub .text.* .gnu.linkonce.t.*)
 .text          0x00100124       0x3c ../bsp//obj/HAL/src/crt0.o
                0x00100124                _start
 .text          0x00100160     0x143c obj/default/cruise_skeleton.o
                0x00100160                SignalVehicleSem
                0x0010018c                SignalControlSem
                0x001001b8                SignalButtonSem
                0x001001e4                SignalSwitchSem
                0x00100210                SignalWatchdogSem
                0x0010023c                buttons_pressed
                0x00100264                switches_pressed
                0x00100288                alarm_handler
                0x001002b8                int2seven
                0x001002f4                show_velocity_on_sevenseg
                0x001003e4                show_target_velocity
                0x001004d4                show_position
                0x00100638                adjust_position
                0x001006dc                adjust_velocity
                0x0010081c                ButtonTask
                0x00100a7c                SwitchTask
                0x00100bc0                OverloadTask
                0x00100c08                WatchdogTask
                0x00100c94                ExtraloadTask
                0x00100d58                VehicleTask
                0x00100fb4                ControlTask
                0x001010ec                StartTask
                0x00101520                main
 .text          0x0010159c       0x98 /opt/altera/13.0sp1/nios2eds/bin/gnu/H-i686-pc-linux-gnu/bin/../lib/gcc/nios2-elf/4.1.2/mno-hw-mul/libgcc.a(_si_to_sf.o)
                0x0010159c                __floatsisf
 .text          0x00101634       0x54 /opt/altera/13.0sp1/nios2eds/bin/gnu/H-i686-pc-linux-gnu/bin/../lib/gcc/nios2-elf/4.1.2/mno-hw-mul/libgcc.a(_sf_to_df.o)
                0x00101634                __extendsfdf2
 .text          0x00101688      0x504 /opt/altera/13.0sp1/nios2eds/bin/gnu/H-i686-pc-linux-gnu/bin/../lib/gcc/nios2-elf/4.1.2/mno-hw-mul/libgcc.a(_addsub_df.o)
                0x00101a98                __subdf3
                0x00101b18                __adddf3
 .text          0x00101b8c      0x258 /opt/altera/13.0sp1/nios2eds/bin/gnu/H-i686-pc-linux-gnu/bin/../lib/gcc/nios2-elf/4.1.2/mno-hw-mul/libgcc.a(_div_df.o)
                0x00101b8c                __divdf3
 .text          0x00101de4       0xf8 /opt/altera/13.0sp1/nios2eds/bin/gnu/H-i686-pc-linux-gnu/bin/../lib/gcc/nios2-elf/4.1.2/mno-hw-mul/libgcc.a(_si_to_df.o)
                0x00101de4                __floatsidf
 .text          0x00101edc       0xd8 /opt/altera/13.0sp1/nios2eds/bin/gnu/H-i686-pc-linux-gnu/bin/../lib/gcc/nios2-elf/4.1.2/mno-hw-mul/libgcc.a(_df_to_si.o)
                0x00101edc                __fixdfsi
 .text          0x00101fb4       0x38 /opt/altera/13.0sp1/nios2eds/bin/gnu/H-i686-pc-linux-gnu/bin/../lib/gcc/nios2-elf/4.1.2/mno-hw-mul/libgcc.a(_make_df.o)
                0x00101fb4                __make_dp
 .text          0x00101fec        0x0 /opt/altera/13.0sp1/nios2eds/bin/gnu/H-i686-pc-linux-gnu/bin/../lib/gcc/nios2-elf/4.1.2/mno-hw-mul/libgcc.a(_thenan_df.o)
 .text          0x00101fec      0x14c /opt/altera/13.0sp1/nios2eds/bin/gnu/H-i686-pc-linux-gnu/bin/../lib/gcc/nios2-elf/4.1.2/mno-hw-mul/libgcc.a(lib2-divmod.o)
                0x00102068                __divsi3
                0x001020c8                __modsi3
                0x00102128                __udivsi3
                0x00102130                __umodsi3
 .text          0x00102138       0x38 /opt/altera/13.0sp1/nios2eds/bin/gnu/H-i686-pc-linux-gnu/bin/../lib/gcc/nios2-elf/4.1.2/mno-hw-mul/libgcc.a(lib2-mul.o)
                0x00102138                __mulsi3
 .text          0x00102170       0x80 /opt/altera/13.0sp1/nios2eds/bin/gnu/H-i686-pc-linux-gnu/bin/../lib/gcc/nios2-elf/4.1.2/mno-hw-mul/libgcc.a(_clzsi2.o)
                0x00102170                __clzsi2
 .text          0x001021f0      0x160 /opt/altera/13.0sp1/nios2eds/bin/gnu/H-i686-pc-linux-gnu/bin/../lib/gcc/nios2-elf/4.1.2/mno-hw-mul/libgcc.a(_pack_sf.o)
                0x001021f0                __pack_f
 .text          0x00102350       0xc8 /opt/altera/13.0sp1/nios2eds/bin/gnu/H-i686-pc-linux-gnu/bin/../lib/gcc/nios2-elf/4.1.2/mno-hw-mul/libgcc.a(_unpack_sf.o)
                0x00102350                __unpack_f
 .text          0x00102418      0x314 /opt/altera/13.0sp1/nios2eds/bin/gnu/H-i686-pc-linux-gnu/bin/../lib/gcc/nios2-elf/4.1.2/mno-hw-mul/libgcc.a(_pack_df.o)
                0x00102418                __pack_d
 .text          0x0010272c      0x138 /opt/altera/13.0sp1/nios2eds/bin/gnu/H-i686-pc-linux-gnu/bin/../lib/gcc/nios2-elf/4.1.2/mno-hw-mul/libgcc.a(_unpack_df.o)
                0x0010272c                __unpack_d
 .text          0x00102864        0x0 /opt/altera/13.0sp1/nios2eds/bin/gnu/H-i686-pc-linux-gnu/bin/../lib/gcc/nios2-elf/4.1.2/mno-hw-mul/libgcc.a(_clz.o)
 .text          0x00102864       0x78 /opt/altera/13.0sp1/nios2eds/bin/gnu/H-i686-pc-linux-gnu/bin/../lib/gcc/nios2-elf/4.1.2/../../../../nios2-elf/lib/mno-hw-mul/libc.a(lib_a-printf.o)
                0x00102864                printf
                0x001028a8                _printf_r
 .text          0x001028dc       0xb4 /opt/altera/13.0sp1/nios2eds/bin/gnu/H-i686-pc-linux-gnu/bin/../lib/gcc/nios2-elf/4.1.2/../../../../nios2-elf/lib/mno-hw-mul/libc.a(lib_a-puts.o)
                0x001028dc                _puts_r
                0x0010297c                puts
 .text          0x00102990       0x74 /opt/altera/13.0sp1/nios2eds/bin/gnu/H-i686-pc-linux-gnu/bin/../lib/gcc/nios2-elf/4.1.2/../../../../nios2-elf/lib/mno-hw-mul/libc.a(lib_a-strlen.o)
                0x00102990                strlen
 .text          0x00102a04     0x1f40 /opt/altera/13.0sp1/nios2eds/bin/gnu/H-i686-pc-linux-gnu/bin/../lib/gcc/nios2-elf/4.1.2/../../../../nios2-elf/lib/mno-hw-mul/libc.a(lib_a-vfprintf.o)
                0x00102a5c                ___vfprintf_internal_r
                0x00104920                __vfprintf_internal
 .text          0x00104944      0x13c /opt/altera/13.0sp1/nios2eds/bin/gnu/H-i686-pc-linux-gnu/bin/../lib/gcc/nios2-elf/4.1.2/../../../../nios2-elf/lib/mno-hw-mul/libc.a(lib_a-wsetup.o)
                0x00104944                __swsetup_r
 .text          0x00104a80     0x17f8 /opt/altera/13.0sp1/nios2eds/bin/gnu/H-i686-pc-linux-gnu/bin/../lib/gcc/nios2-elf/4.1.2/../../../../nios2-elf/lib/mno-hw-mul/libc.a(lib_a-dtoa.o)
                0x00104cc4                _dtoa_r
 .text          0x00106278      0x230 /opt/altera/13.0sp1/nios2eds/bin/gnu/H-i686-pc-linux-gnu/bin/../lib/gcc/nios2-elf/4.1.2/../../../../nios2-elf/lib/mno-hw-mul/libc.a(lib_a-fflush.o)
                0x00106278                _fflush_r
                0x00106474                fflush
 .text          0x001064a8      0x2f4 /opt/altera/13.0sp1/nios2eds/bin/gnu/H-i686-pc-linux-gnu/bin/../lib/gcc/nios2-elf/4.1.2/../../../../nios2-elf/lib/mno-hw-mul/libc.a(lib_a-findfp.o)
                0x00106500                __sfp_lock_acquire
                0x00106504                __sfp_lock_release
                0x00106508                __sinit_lock_acquire
                0x0010650c                __sinit_lock_release
                0x00106510                __sinit
                0x001065c4                __fp_unlock_all
                0x001065dc                __fp_lock_all
                0x001065f4                _cleanup_r
                0x00106600                _cleanup
                0x00106610                __sfmoreglue
                0x001066ac                __sfp
 .text          0x0010679c      0x440 /opt/altera/13.0sp1/nios2eds/bin/gnu/H-i686-pc-linux-gnu/bin/../lib/gcc/nios2-elf/4.1.2/../../../../nios2-elf/lib/mno-hw-mul/libc.a(lib_a-freer.o)
                0x0010679c                _malloc_trim_r
                0x001068c8                _free_r
 .text          0x00106bdc      0x49c /opt/altera/13.0sp1/nios2eds/bin/gnu/H-i686-pc-linux-gnu/bin/../lib/gcc/nios2-elf/4.1.2/../../../../nios2-elf/lib/mno-hw-mul/libc.a(lib_a-fvwrite.o)
                0x00106bdc                __sfvwrite_r
 .text          0x00107078      0x180 /opt/altera/13.0sp1/nios2eds/bin/gnu/H-i686-pc-linux-gnu/bin/../lib/gcc/nios2-elf/4.1.2/../../../../nios2-elf/lib/mno-hw-mul/libc.a(lib_a-fwalk.o)
                0x00107078                _fwalk_reent
                0x00107140                _fwalk
 .text          0x001071f8        0x0 /opt/altera/13.0sp1/nios2eds/bin/gnu/H-i686-pc-linux-gnu/bin/../lib/gcc/nios2-elf/4.1.2/../../../../nios2-elf/lib/mno-hw-mul/libc.a(lib_a-impure.o)
 .text          0x001071f8       0xc4 /opt/altera/13.0sp1/nios2eds/bin/gnu/H-i686-pc-linux-gnu/bin/../lib/gcc/nios2-elf/4.1.2/../../../../nios2-elf/lib/mno-hw-mul/libc.a(lib_a-locale.o)
                0x001071f8                __locale_charset
                0x00107200                _localeconv_r
                0x0010720c                localeconv
                0x0010721c                _setlocale_r
                0x001072a0                setlocale
 .text          0x001072bc      0x194 /opt/altera/13.0sp1/nios2eds/bin/gnu/H-i686-pc-linux-gnu/bin/../lib/gcc/nios2-elf/4.1.2/../../../../nios2-elf/lib/mno-hw-mul/libc.a(lib_a-makebuf.o)
                0x001072bc                __smakebuf_r
 .text          0x00107450      0x740 /opt/altera/13.0sp1/nios2eds/bin/gnu/H-i686-pc-linux-gnu/bin/../lib/gcc/nios2-elf/4.1.2/../../../../nios2-elf/lib/mno-hw-mul/libc.a(lib_a-mallocr.o)
                0x00107450                _malloc_r
 .text          0x00107b90       0xe4 /opt/altera/13.0sp1/nios2eds/bin/gnu/H-i686-pc-linux-gnu/bin/../lib/gcc/nios2-elf/4.1.2/../../../../nios2-elf/lib/mno-hw-mul/libc.a(lib_a-memchr.o)
                0x00107b90                memchr
 .text          0x00107c74       0xa0 /opt/altera/13.0sp1/nios2eds/bin/gnu/H-i686-pc-linux-gnu/bin/../lib/gcc/nios2-elf/4.1.2/../../../../nios2-elf/lib/mno-hw-mul/libc.a(lib_a-memcpy.o)
                0x00107c74                memcpy
 .text          0x00107d14       0xe0 /opt/altera/13.0sp1/nios2eds/bin/gnu/H-i686-pc-linux-gnu/bin/../lib/gcc/nios2-elf/4.1.2/../../../../nios2-elf/lib/mno-hw-mul/libc.a(lib_a-memmove.o)
                0x00107d14                memmove
 .text          0x00107df4       0x98 /opt/altera/13.0sp1/nios2eds/bin/gnu/H-i686-pc-linux-gnu/bin/../lib/gcc/nios2-elf/4.1.2/../../../../nios2-elf/lib/mno-hw-mul/libc.a(lib_a-memset.o)
                0x00107df4                memset
 .text          0x00107e8c     0x108c /opt/altera/13.0sp1/nios2eds/bin/gnu/H-i686-pc-linux-gnu/bin/../lib/gcc/nios2-elf/4.1.2/../../../../nios2-elf/lib/mno-hw-mul/libc.a(lib_a-mprec.o)
                0x00107e8c                _Bfree
                0x00107eb4                __hi0bits
                0x00107f24                __lo0bits
                0x00107fe8                __mcmp
                0x00108048                __ulp
                0x001080c8                __b2d
                0x001081e8                __ratio
                0x00108298                _mprec_log10
                0x0010832c                __copybits
                0x00108384                __any_on
                0x0010840c                _Balloc
                0x001084c8                __d2b
                0x00108644                __mdiff
                0x001087d0                __lshift
                0x0010891c                __multiply
                0x00108b70                __i2b
                0x00108bac                __multadd
                0x00108cd8                __pow5mult
                0x00108df8                __s2b
 .text          0x00108f18      0x5f4 /opt/altera/13.0sp1/nios2eds/bin/gnu/H-i686-pc-linux-gnu/bin/../lib/gcc/nios2-elf/4.1.2/../../../../nios2-elf/lib/mno-hw-mul/libc.a(lib_a-reallocr.o)
                0x00108f18                _realloc_r
 .text          0x0010950c       0x40 /opt/altera/13.0sp1/nios2eds/bin/gnu/H-i686-pc-linux-gnu/bin/../lib/gcc/nios2-elf/4.1.2/../../../../nios2-elf/lib/mno-hw-mul/libc.a(lib_a-s_isinfd.o)
                0x0010950c                __isinfd
 .text          0x0010954c       0x30 /opt/altera/13.0sp1/nios2eds/bin/gnu/H-i686-pc-linux-gnu/bin/../lib/gcc/nios2-elf/4.1.2/../../../../nios2-elf/lib/mno-hw-mul/libc.a(lib_a-s_isnand.o)
                0x0010954c                __isnand
 .text          0x0010957c       0x70 /opt/altera/13.0sp1/nios2eds/bin/gnu/H-i686-pc-linux-gnu/bin/../lib/gcc/nios2-elf/4.1.2/../../../../nios2-elf/lib/mno-hw-mul/libc.a(lib_a-sbrkr.o)
                0x0010957c                _sbrk_r
 .text          0x001095ec      0x14c /opt/altera/13.0sp1/nios2eds/bin/gnu/H-i686-pc-linux-gnu/bin/../lib/gcc/nios2-elf/4.1.2/../../../../nios2-elf/lib/mno-hw-mul/libc.a(lib_a-stdio.o)
                0x001095ec                __sclose
                0x001095f4                __sseek
                0x0010965c                __swrite
                0x001096d8                __sread
 .text          0x00109738       0xbc /opt/altera/13.0sp1/nios2eds/bin/gnu/H-i686-pc-linux-gnu/bin/../lib/gcc/nios2-elf/4.1.2/../../../../nios2-elf/lib/mno-hw-mul/libc.a(lib_a-strcmp.o)
                0x00109738                strcmp
 .text          0x001097f4       0x78 /opt/altera/13.0sp1/nios2eds/bin/gnu/H-i686-pc-linux-gnu/bin/../lib/gcc/nios2-elf/4.1.2/../../../../nios2-elf/lib/mno-hw-mul/libc.a(lib_a-writer.o)
                0x001097f4                _write_r
 .text          0x0010986c       0xc8 /opt/altera/13.0sp1/nios2eds/bin/gnu/H-i686-pc-linux-gnu/bin/../lib/gcc/nios2-elf/4.1.2/../../../../nios2-elf/lib/mno-hw-mul/libc.a(lib_a-callocr.o)
                0x0010986c                _calloc_r
 .text          0x00109934       0x70 /opt/altera/13.0sp1/nios2eds/bin/gnu/H-i686-pc-linux-gnu/bin/../lib/gcc/nios2-elf/4.1.2/../../../../nios2-elf/lib/mno-hw-mul/libc.a(lib_a-closer.o)
                0x00109934                _close_r
 .text          0x001099a4      0x124 /opt/altera/13.0sp1/nios2eds/bin/gnu/H-i686-pc-linux-gnu/bin/../lib/gcc/nios2-elf/4.1.2/../../../../nios2-elf/lib/mno-hw-mul/libc.a(lib_a-fclose.o)
                0x001099a4                _fclose_r
                0x00109ab4                fclose
 .text          0x00109ac8       0x74 /opt/altera/13.0sp1/nios2eds/bin/gnu/H-i686-pc-linux-gnu/bin/../lib/gcc/nios2-elf/4.1.2/../../../../nios2-elf/lib/mno-hw-mul/libc.a(lib_a-fstatr.o)
                0x00109ac8                _fstat_r
 .text          0x00109b3c        0x0 /opt/altera/13.0sp1/nios2eds/bin/gnu/H-i686-pc-linux-gnu/bin/../lib/gcc/nios2-elf/4.1.2/../../../../nios2-elf/lib/mno-hw-mul/libc.a(lib_a-int_errno.o)
 .text          0x00109b3c       0x70 /opt/altera/13.0sp1/nios2eds/bin/gnu/H-i686-pc-linux-gnu/bin/../lib/gcc/nios2-elf/4.1.2/../../../../nios2-elf/lib/mno-hw-mul/libc.a(lib_a-isattyr.o)
                0x00109b3c                _isatty_r
 .text          0x00109bac       0x78 /opt/altera/13.0sp1/nios2eds/bin/gnu/H-i686-pc-linux-gnu/bin/../lib/gcc/nios2-elf/4.1.2/../../../../nios2-elf/lib/mno-hw-mul/libc.a(lib_a-lseekr.o)
                0x00109bac                _lseek_r
 .text          0x00109c24       0x78 /opt/altera/13.0sp1/nios2eds/bin/gnu/H-i686-pc-linux-gnu/bin/../lib/gcc/nios2-elf/4.1.2/../../../../nios2-elf/lib/mno-hw-mul/libc.a(lib_a-readr.o)
                0x00109c24                _read_r
 .text          0x00109c9c      0x66c /opt/altera/13.0sp1/nios2eds/bin/gnu/H-i686-pc-linux-gnu/bin/../lib/gcc/nios2-elf/4.1.2/mno-hw-mul/libgcc.a(_udivdi3.o)
                0x00109c9c                __udivdi3
 .text          0x0010a308      0x660 /opt/altera/13.0sp1/nios2eds/bin/gnu/H-i686-pc-linux-gnu/bin/../lib/gcc/nios2-elf/4.1.2/mno-hw-mul/libgcc.a(_umoddi3.o)
                0x0010a308                __umoddi3
 .text          0x0010a968      0x3c4 /opt/altera/13.0sp1/nios2eds/bin/gnu/H-i686-pc-linux-gnu/bin/../lib/gcc/nios2-elf/4.1.2/mno-hw-mul/libgcc.a(_mul_df.o)
                0x0010a968                __muldf3
 .text          0x0010ad2c       0x88 /opt/altera/13.0sp1/nios2eds/bin/gnu/H-i686-pc-linux-gnu/bin/../lib/gcc/nios2-elf/4.1.2/mno-hw-mul/libgcc.a(_eq_df.o)
                0x0010ad2c                __eqdf2
 .text          0x0010adb4       0x88 /opt/altera/13.0sp1/nios2eds/bin/gnu/H-i686-pc-linux-gnu/bin/../lib/gcc/nios2-elf/4.1.2/mno-hw-mul/libgcc.a(_ne_df.o)
                0x0010adb4                __nedf2
 .text          0x0010ae3c       0x88 /opt/altera/13.0sp1/nios2eds/bin/gnu/H-i686-pc-linux-gnu/bin/../lib/gcc/nios2-elf/4.1.2/mno-hw-mul/libgcc.a(_gt_df.o)
                0x0010ae3c                __gtdf2
 .text          0x0010aec4       0x88 /opt/altera/13.0sp1/nios2eds/bin/gnu/H-i686-pc-linux-gnu/bin/../lib/gcc/nios2-elf/4.1.2/mno-hw-mul/libgcc.a(_ge_df.o)
                0x0010aec4                __gedf2
 .text          0x0010af4c       0x88 /opt/altera/13.0sp1/nios2eds/bin/gnu/H-i686-pc-linux-gnu/bin/../lib/gcc/nios2-elf/4.1.2/mno-hw-mul/libgcc.a(_lt_df.o)
                0x0010af4c                __ltdf2
 .text          0x0010afd4      0x194 /opt/altera/13.0sp1/nios2eds/bin/gnu/H-i686-pc-linux-gnu/bin/../lib/gcc/nios2-elf/4.1.2/mno-hw-mul/libgcc.a(_usi_to_df.o)
                0x0010afd4                __floatunsidf
 .text          0x0010b168      0x124 /opt/altera/13.0sp1/nios2eds/bin/gnu/H-i686-pc-linux-gnu/bin/../lib/gcc/nios2-elf/4.1.2/mno-hw-mul/libgcc.a(_muldi3.o)
                0x0010b168                __muldi3
 .text          0x0010b28c       0xc8 /opt/altera/13.0sp1/nios2eds/bin/gnu/H-i686-pc-linux-gnu/bin/../lib/gcc/nios2-elf/4.1.2/mno-hw-mul/libgcc.a(_fpcmp_parts_df.o)
                0x0010b28c                __fpcmp_parts_d
 .text          0x0010b354       0x90 ../bsp//libucosii_bsp.a(alt_alarm_start.o)
                0x0010b354                alt_alarm_start
 .text          0x0010b3e4       0xbc ../bsp//libucosii_bsp.a(alt_close.o)
                0x0010b404                close
 .text          0x0010b4a0        0x8 ../bsp//libucosii_bsp.a(alt_dev.o)
 .text          0x0010b4a8        0x0 ../bsp//libucosii_bsp.a(alt_errno.o)
 .text          0x0010b4a8       0x9c ../bsp//libucosii_bsp.a(alt_fstat.o)
                0x0010b4a8                fstat
 .text          0x0010b544       0x94 ../bsp//libucosii_bsp.a(alt_isatty.o)
                0x0010b544                isatty
 .text          0x0010b5d8       0x8c ../bsp//libucosii_bsp.a(alt_load.o)
                0x0010b5f8                alt_load
 .text          0x0010b664       0xb8 ../bsp//libucosii_bsp.a(alt_lseek.o)
                0x0010b664                lseek
 .text          0x0010b71c       0xa8 ../bsp//libucosii_bsp.a(alt_main.o)
                0x0010b71c                alt_main
 .text          0x0010b7c4       0xd8 ../bsp//libucosii_bsp.a(alt_read.o)
                0x0010b7e4                read
 .text          0x0010b89c       0x5c ../bsp//libucosii_bsp.a(alt_release_fd.o)
                0x0010b89c                alt_release_fd
 .text          0x0010b8f8       0x50 ../bsp//libucosii_bsp.a(alt_sbrk.o)
                0x0010b8f8                sbrk
 .text          0x0010b948       0xe0 ../bsp//libucosii_bsp.a(alt_tick.o)
                0x0010b948                alt_alarm_stop
                0x0010b97c                alt_tick
 .text          0x0010ba28       0xd4 ../bsp//libucosii_bsp.a(alt_write.o)
                0x0010ba48                write
 .text          0x0010bafc       0xa8 ../bsp//libucosii_bsp.a(alt_env_lock.o)
                0x0010bafc                __env_unlock
                0x0010bb24                __env_lock
 .text          0x0010bba4      0x110 ../bsp//libucosii_bsp.a(alt_malloc_lock.o)
                0x0010bba4                __malloc_unlock
                0x0010bc00                __malloc_lock
 .text          0x0010bcb4     0x1118 ../bsp//libucosii_bsp.a(os_core.o)
                0x0010bcb4                OSVersion
                0x0010bcbc                OS_Dummy
                0x0010bcc0                OS_EventTaskWait
                0x0010bd44                OS_EventTaskWaitMulti
                0x0010bde4                OS_EventTaskRemove
                0x0010be30                OS_EventTaskRemoveMulti
                0x0010be8c                OS_EventTaskRdy
                0x0010bf80                OS_EventWaitListInit
                0x0010bf9c                OS_MemClr
                0x0010bfb8                OS_MemCopy
                0x0010bfdc                OS_StrCopy
                0x0010c008                OS_StrLen
                0x0010c028                OS_TaskStatStkChk
                0x0010c0ac                OS_Sched
                0x0010c164                OSStart
                0x0010c1d0                OSInit
                0x0010c3b0                OSEventNameGet
                0x0010c468                OSEventPendMulti
                0x0010c7c0                OSIntEnter
                0x0010c7fc                OSSchedLock
                0x0010c840                OSSchedUnlock
                0x0010c894                OSStatInit
                0x0010c8f8                OSTimeTick
                0x0010ca04                OS_TaskIdle
                0x0010ca34                OS_TaskStat
                0x0010cab8                OS_TCBInit
                0x0010cc3c                OSIntExit
                0x0010cd10                OSEventNameSet
 .text          0x0010cdcc        0x4 ../bsp//libucosii_bsp.a(os_dbg.o)
                0x0010cdcc                OSDebugInit
 .text          0x0010cdd0      0xc5c ../bsp//libucosii_bsp.a(os_flag.o)
                0x0010ce88                OS_FlagUnlink
                0x0010cf54                OS_FlagInit
                0x0010cfc4                OSFlagQuery
                0x0010d020                OSFlagAccept
                0x0010d190                OSFlagCreate
                0x0010d218                OSFlagDel
                0x0010d378                OSFlagNameGet
                0x0010d438                OSFlagNameSet
                0x0010d50c                OSFlagPend
                0x0010d80c                OSFlagPendGetFlagsRdy
                0x0010d838                OSFlagPost
 .text          0x0010da2c      0x67c ../bsp//libucosii_bsp.a(os_mbox.o)
                0x0010da2c                OSMboxQuery
                0x0010daa8                OSMboxAccept
                0x0010dae0                OSMboxCreate
                0x0010db6c                OSMboxDel
                0x0010dcb4                OSMboxPend
                0x0010de44                OSMboxPendAbort
                0x0010df28                OSMboxPost
                0x0010dfc4                OSMboxPostOpt
 .text          0x0010e0a8      0x3b8 ../bsp//libucosii_bsp.a(os_mem.o)
                0x0010e0a8                OS_MemInit
                0x0010e110                OSMemQuery
                0x0010e174                OSMemCreate
                0x0010e244                OSMemGet
                0x0010e2b0                OSMemNameGet
                0x0010e34c                OSMemNameSet
                0x0010e408                OSMemPut
 .text          0x0010e460      0x9c4 ../bsp//libucosii_bsp.a(os_q.o)
                0x0010e460                OS_QInit
                0x0010e4b0                OSQQuery
                0x0010e548                OSQAccept
                0x0010e5e4                OSQCreate
                0x0010e6e4                OSQDel
                0x0010e868                OSQFlush
                0x0010e8b8                OSQPend
                0x0010ea78                OSQPendAbort
                0x0010eb60                OSQPost
                0x0010ec1c                OSQPostFront
                0x0010ece0                OSQPostOpt
 .text          0x0010ee24      0x5e0 ../bsp//libucosii_bsp.a(os_sem.o)
                0x0010ee24                OSSemSet
                0x0010ee88                OSSemAccept
                0x0010eecc                OSSemCreate
                0x0010ef58                OSSemDel
                0x0010f0ac                OSSemPend
                0x0010f214                OSSemPendAbort
                0x0010f300                OSSemPost
                0x0010f39c                OSSemQuery
 .text          0x0010f404      0xe74 ../bsp//libucosii_bsp.a(os_task.o)
                0x0010f404                OS_TaskStkClr
                0x0010f434                OSTaskQuery
                0x0010f4fc                OSTaskChangePrio
                0x0010f798                OSTaskCreate
                0x0010f8a4                OSTaskCreateExt
                0x0010fa1c                OSTaskDel
                0x0010fc68                OSTaskDelReq
                0x0010fd1c                OSTaskNameGet
                0x0010fe24                OSTaskNameSet
                0x0010ff40                OSTaskResume
                0x00110044                OSTaskStkChk
                0x00110134                OSTaskSuspend
 .text          0x00110278      0x378 ../bsp//libucosii_bsp.a(os_time.o)
                0x00110278                OSTimeSet
                0x0011029c                OSTimeDly
                0x00110334                OSTimeDlyHMSM
                0x001104d4                OSTimeDlyResume
                0x001105cc                OSTimeGet
 .text          0x001105f0      0xb94 ../bsp//libucosii_bsp.a(os_tmr.o)
                0x0011075c                OSTmr_Init
                0x001109b8                OSTmrStop
                0x00110b14                OSTmrStart
                0x00110c18                OSTmrStateGet
                0x00110cc0                OSTmrRemainGet
                0x00110dd8                OSTmrDel
                0x00110ed4                OSTmrSignal
                0x00110efc                OSTmrNameGet
                0x00110fe8                OSTmrCreate
 .text          0x00111184       0x9c ../bsp//libucosii_bsp.a(alt_sys_init.o)
                0x00111190                alt_sys_init
                0x00111200                alt_irq_init
 .text          0x00111220       0x3c ../bsp//libucosii_bsp.a(altera_avalon_jtag_uart_fd.o)
                0x00111220                altera_avalon_jtag_uart_ioctl_fd
                0x0011122c                altera_avalon_jtag_uart_close_fd
                0x0011123c                altera_avalon_jtag_uart_write_fd
                0x0011124c                altera_avalon_jtag_uart_read_fd
 .text          0x0011125c      0x2f4 ../bsp//libucosii_bsp.a(altera_avalon_jtag_uart_init.o)
                0x0011125c                altera_avalon_jtag_uart_close
                0x0011131c                altera_avalon_jtag_uart_init
 .text          0x00111550       0x7c ../bsp//libucosii_bsp.a(altera_avalon_jtag_uart_ioctl.o)
                0x00111550                altera_avalon_jtag_uart_ioctl
 .text          0x001115cc      0x1ac ../bsp//libucosii_bsp.a(altera_avalon_jtag_uart_read.o)
                0x001115cc                altera_avalon_jtag_uart_read
 .text          0x00111778      0x1b8 ../bsp//libucosii_bsp.a(altera_avalon_jtag_uart_write.o)
                0x00111778                altera_avalon_jtag_uart_write
 .text          0x00111930       0x8c ../bsp//libucosii_bsp.a(altera_avalon_timer_sc.o)
                0x00111930                alt_avalon_timer_sc_init
 .text          0x001119bc      0x250 ../bsp//libucosii_bsp.a(altera_up_avalon_character_lcd.o)
                0x001119bc                get_DDRAM_addr
                0x001119d4                alt_up_character_lcd_string
                0x001119f0                alt_up_character_lcd_write
                0x00111a14                alt_up_character_lcd_write_fd
                0x00111a34                alt_up_character_lcd_init
                0x00111a44                alt_up_character_lcd_send_cmd
                0x00111a54                alt_up_character_lcd_cursor_blink_on
                0x00111a5c                alt_up_character_lcd_cursor_off
                0x00111a64                alt_up_character_lcd_erase_pos
                0x00111ac8                alt_up_character_lcd_shift_display
                0x00111b38                alt_up_character_lcd_shift_cursor
                0x00111ba8                alt_up_character_lcd_set_cursor_pos
                0x00111c00                alt_up_character_lcd_open_dev
 .text          0x00111c0c        0x4 ../bsp//libucosii_bsp.a(alt_dcache_flush_all.o)
                0x00111c0c                alt_dcache_flush_all
 .text          0x00111c10       0x70 ../bsp//libucosii_bsp.a(alt_dev_llist_insert.o)
                0x00111c10                alt_dev_llist_insert
 .text          0x00111c80       0x40 ../bsp//libucosii_bsp.a(alt_do_ctors.o)
                0x00111c80                _do_ctors
 .text          0x00111cc0       0x40 ../bsp//libucosii_bsp.a(alt_do_dtors.o)
                0x00111cc0                _do_dtors
 .text          0x00111d00       0x70 ../bsp//libucosii_bsp.a(alt_find_dev.o)
                0x00111d00                alt_find_dev
 .text          0x00111d70        0x4 ../bsp//libucosii_bsp.a(alt_icache_flush_all.o)
                0x00111d70                alt_icache_flush_all
 .text          0x00111d74       0x9c ../bsp//libucosii_bsp.a(alt_iic.o)
                0x00111d74                alt_ic_irq_enabled
                0x00111d8c                alt_ic_irq_enable
                0x00111dcc                alt_ic_irq_disable
                0x00111e0c                alt_ic_isr_register
 .text          0x00111e10       0x6c ../bsp//libucosii_bsp.a(alt_iic_isr_register.o)
                0x00111e10                alt_iic_isr_register
 .text          0x00111e7c      0x114 ../bsp//libucosii_bsp.a(alt_io_redirect.o)
                0x00111f04                alt_io_redirect
 .text          0x00111f90        0x0 ../bsp//libucosii_bsp.a(alt_irq_entry.o)
 .text          0x00111f90        0x0 ../bsp//libucosii_bsp.a(alt_irq_handler.o)
 .text          0x00111f90        0x0 ../bsp//libucosii_bsp.a(alt_irq_vars.o)
 .text          0x00111f90      0x17c ../bsp//libucosii_bsp.a(alt_open.o)
                0x00111f90                open
 .text          0x0011210c        0x8 ../bsp//libucosii_bsp.a(altera_nios2_qsys_irq.o)
                0x0011210c                altera_nios2_qsys_irq_init
 .text          0x00112114       0xd0 ../bsp//libucosii_bsp.a(os_cpu_a.o)
                0x00112114                OSCtxSw
                0x00112114                OSIntCtxSw
                0x001121a0                OSStartHighRdy
                0x001121c0                OSStartTsk
 .text          0x001121e4      0x228 ../bsp//libucosii_bsp.a(os_cpu_c.o)
                0x001121e4                OSTaskCreateHook
                0x001121e8                OSTaskDelHook
                0x001121ec                OSTaskSwHook
                0x001121f0                OSTaskStatHook
                0x001121f4                OSInitHookBegin
                0x001121fc                OSInitHookEnd
                0x00112200                OSTaskIdleHook
                0x00112204                OSTCBInitHook
                0x00112208                OSTimeTickHook
                0x00112260                OSTaskStkInit
 .text          0x0011240c        0x0 ../bsp//libucosii_bsp.a(alt_exception_entry.o)
 .text          0x0011240c       0x9c ../bsp//libucosii_bsp.a(alt_find_file.o)
                0x0011240c                alt_find_file
 .text          0x001124a8       0xa4 ../bsp//libucosii_bsp.a(alt_get_fd.o)
                0x001124a8                alt_get_fd
 .text          0x0011254c       0x14 /opt/altera/13.0sp1/nios2eds/bin/gnu/H-i686-pc-linux-gnu/bin/../lib/gcc/nios2-elf/4.1.2/../../../../nios2-elf/lib/mno-hw-mul/libc.a(lib_a-atexit.o)
                0x0011254c                atexit
 .text          0x00112560       0x38 /opt/altera/13.0sp1/nios2eds/bin/gnu/H-i686-pc-linux-gnu/bin/../lib/gcc/nios2-elf/4.1.2/../../../../nios2-elf/lib/mno-hw-mul/libc.a(lib_a-exit.o)
                0x00112560                exit
 .text          0x00112598       0x74 /opt/altera/13.0sp1/nios2eds/bin/gnu/H-i686-pc-linux-gnu/bin/../lib/gcc/nios2-elf/4.1.2/../../../../nios2-elf/lib/mno-hw-mul/libc.a(lib_a-memcmp.o)
                0x00112598                memcmp
 .text          0x0011260c      0x134 /opt/altera/13.0sp1/nios2eds/bin/gnu/H-i686-pc-linux-gnu/bin/../lib/gcc/nios2-elf/4.1.2/../../../../nios2-elf/lib/mno-hw-mul/libc.a(lib_a-__atexit.o)
                0x0011260c                __register_exitproc
 .text          0x00112740      0x1b4 /opt/altera/13.0sp1/nios2eds/bin/gnu/H-i686-pc-linux-gnu/bin/../lib/gcc/nios2-elf/4.1.2/../../../../nios2-elf/lib/mno-hw-mul/libc.a(lib_a-__call_atexit.o)
                0x00112744                __call_exitprocs
 .text          0x001128f4       0xa4 /opt/altera/13.0sp1/nios2eds/bin/gnu/H-i686-pc-linux-gnu/bin/../lib/gcc/nios2-elf/4.1.2/mno-hw-mul/libgcc.a(_fixunsdfsi.o)
                0x001128f4                __fixunsdfsi
 .text          0x00112998       0x20 ../bsp//libucosii_bsp.a(alt_exit.o)
                0x00112998                _exit
 *(.gnu.warning.*)
 *(.fini)
                0x001129b8                PROVIDE (__etext, ABSOLUTE (.))
                0x001129b8                PROVIDE (_etext, ABSOLUTE (.))
                0x001129b8                PROVIDE (etext, ABSOLUTE (.))
 *(.eh_frame_hdr)
                0x001129b8                . = ALIGN (0x4)
                0x001129b8                PROVIDE (__preinit_array_start, ABSOLUTE (.))
 *(.preinit_array)
                0x001129b8                PROVIDE (__preinit_array_end, ABSOLUTE (.))
                0x001129b8                PROVIDE (__init_array_start, ABSOLUTE (.))
 *(.init_array)
                0x001129b8                PROVIDE (__init_array_end, ABSOLUTE (.))
                0x001129b8                PROVIDE (__fini_array_start, ABSOLUTE (.))
 *(.fini_array)
                0x001129b8                PROVIDE (__fini_array_end, ABSOLUTE (.))
 *(.eh_frame)
 *(.gcc_except_table)
 *(.dynamic)
                0x001129b8                PROVIDE (__CTOR_LIST__, ABSOLUTE (.))
 *(.ctors)
 *(SORT(.ctors.*))
 .ctors.65535   0x001129b8        0x4 /opt/altera/13.0sp1/nios2eds/bin/gnu/H-i686-pc-linux-gnu/bin/../lib/gcc/nios2-elf/4.1.2/../../../../nios2-elf/lib/mno-hw-mul/libc.a(lib_a-__call_atexit.o)
                0x001129bc                PROVIDE (__CTOR_END__, ABSOLUTE (.))
                0x001129bc                PROVIDE (__DTOR_LIST__, ABSOLUTE (.))
 *(.dtors)
 *(SORT(.dtors.*))
                0x001129bc                PROVIDE (__DTOR_END__, ABSOLUTE (.))
 *(.jcr)
                0x001129bc                . = ALIGN (0x4)

.rodata         0x001129bc      0x5f4
                0x001129bc                PROVIDE (__ram_rodata_start, ABSOLUTE (.))
                0x001129bc                . = ALIGN (0x4)
 *(.rodata .rodata.* .gnu.linkonce.r.*)
 .rodata        0x001129bc      0x15c obj/default/cruise_skeleton.o
 .rodata        0x00112b18       0x14 /opt/altera/13.0sp1/nios2eds/bin/gnu/H-i686-pc-linux-gnu/bin/../lib/gcc/nios2-elf/4.1.2/mno-hw-mul/libgcc.a(_thenan_df.o)
                0x00112b18                __thenan_df
 .rodata        0x00112b2c      0x100 /opt/altera/13.0sp1/nios2eds/bin/gnu/H-i686-pc-linux-gnu/bin/../lib/gcc/nios2-elf/4.1.2/mno-hw-mul/libgcc.a(_clz.o)
                0x00112b2c                __clz_tab
 .rodata.str1.4
                0x00112c2c        0x2 /opt/altera/13.0sp1/nios2eds/bin/gnu/H-i686-pc-linux-gnu/bin/../lib/gcc/nios2-elf/4.1.2/../../../../nios2-elf/lib/mno-hw-mul/libc.a(lib_a-puts.o)
                                  0x4 (size before relaxing)
 *fill*         0x00112c2e        0x2 00
 .rodata.str1.4
                0x00112c30       0x5e /opt/altera/13.0sp1/nios2eds/bin/gnu/H-i686-pc-linux-gnu/bin/../lib/gcc/nios2-elf/4.1.2/../../../../nios2-elf/lib/mno-hw-mul/libc.a(lib_a-vfprintf.o)
                                 0x60 (size before relaxing)
 .rodata        0x00112c8e       0x20 /opt/altera/13.0sp1/nios2eds/bin/gnu/H-i686-pc-linux-gnu/bin/../lib/gcc/nios2-elf/4.1.2/../../../../nios2-elf/lib/mno-hw-mul/libc.a(lib_a-vfprintf.o)
 *fill*         0x00112cae        0x2 00
 .rodata.str1.4
                0x00112cb0       0x10 /opt/altera/13.0sp1/nios2eds/bin/gnu/H-i686-pc-linux-gnu/bin/../lib/gcc/nios2-elf/4.1.2/../../../../nios2-elf/lib/mno-hw-mul/libc.a(lib_a-dtoa.o)
                                 0x14 (size before relaxing)
 .rodata.str1.4
                0x00112cc0        0x2 /opt/altera/13.0sp1/nios2eds/bin/gnu/H-i686-pc-linux-gnu/bin/../lib/gcc/nios2-elf/4.1.2/../../../../nios2-elf/lib/mno-hw-mul/libc.a(lib_a-impure.o)
                                  0x4 (size before relaxing)
 *fill*         0x00112cc2        0x2 00
 .rodata.str1.4
                0x00112cc4        0xf /opt/altera/13.0sp1/nios2eds/bin/gnu/H-i686-pc-linux-gnu/bin/../lib/gcc/nios2-elf/4.1.2/../../../../nios2-elf/lib/mno-hw-mul/libc.a(lib_a-locale.o)
                                 0x18 (size before relaxing)
 *fill*         0x00112cd3        0x1 00
 .rodata        0x00112cd4       0x30 /opt/altera/13.0sp1/nios2eds/bin/gnu/H-i686-pc-linux-gnu/bin/../lib/gcc/nios2-elf/4.1.2/../../../../nios2-elf/lib/mno-hw-mul/libc.a(lib_a-locale.o)
 .rodata        0x00112d04      0x124 /opt/altera/13.0sp1/nios2eds/bin/gnu/H-i686-pc-linux-gnu/bin/../lib/gcc/nios2-elf/4.1.2/../../../../nios2-elf/lib/mno-hw-mul/libc.a(lib_a-mprec.o)
                0x00112d04                __mprec_tens
                0x00112dcc                __mprec_bigtens
                0x00112df4                __mprec_tinytens
 .rodata.str1.4
                0x00112e28        0xa ../bsp//libucosii_bsp.a(alt_dev.o)
                                  0xc (size before relaxing)
 *fill*         0x00112e32        0x2 00
 .rodata.str1.4
                0x00112e34       0x11 ../bsp//libucosii_bsp.a(alt_main.o)
                                 0x14 (size before relaxing)
 *fill*         0x00112e45        0x3 00
 .rodata.str1.4
                0x00112e48       0x1e ../bsp//libucosii_bsp.a(os_core.o)
                                 0x20 (size before relaxing)
 .rodata        0x00112e66      0x100 ../bsp//libucosii_bsp.a(os_core.o)
                0x00112e66                OSUnMapTbl
 *fill*         0x00112f66        0x2 00
 .rodata.str1.4
                0x00112f68       0x35 ../bsp//libucosii_bsp.a(os_tmr.o)
                                 0x38 (size before relaxing)
 *fill*         0x00112f9d        0x3 00
 .rodata.str1.4
                0x00112fa0       0x10 ../bsp//libucosii_bsp.a(alt_sys_init.o)
                                 0x24 (size before relaxing)
 .rodata.str1.4
                0x00000000        0x4 ../bsp//libucosii_bsp.a(os_cpu_c.o)
 *(.rodata1)
                0x00112fb0                . = ALIGN (0x4)
                0x00112fb0                PROVIDE (__ram_rodata_end, ABSOLUTE (.))
                0x001129bc                PROVIDE (__flash_rodata_start, LOADADDR (.rodata))

.rwdata         0x00112fb0     0x1b50 load address 0x00114b00
                0x00112fb0                PROVIDE (__ram_rwdata_start, ABSOLUTE (.))
                0x00112fb0                . = ALIGN (0x4)
 *(.got.plt)
 *(.got)
 *(.data1)
 *(.data .data.* .gnu.linkonce.d.*)
 .data          0x00112fb0        0x0 ../bsp//obj/HAL/src/crt0.o
 .data          0x00112fb0       0x2c obj/default/cruise_skeleton.o
 .data          0x00112fdc        0x0 /opt/altera/13.0sp1/nios2eds/bin/gnu/H-i686-pc-linux-gnu/bin/../lib/gcc/nios2-elf/4.1.2/mno-hw-mul/libgcc.a(_si_to_sf.o)
 .data          0x00112fdc        0x0 /opt/altera/13.0sp1/nios2eds/bin/gnu/H-i686-pc-linux-gnu/bin/../lib/gcc/nios2-elf/4.1.2/mno-hw-mul/libgcc.a(_sf_to_df.o)
 .data          0x00112fdc        0x0 /opt/altera/13.0sp1/nios2eds/bin/gnu/H-i686-pc-linux-gnu/bin/../lib/gcc/nios2-elf/4.1.2/mno-hw-mul/libgcc.a(_addsub_df.o)
 .data          0x00112fdc        0x0 /opt/altera/13.0sp1/nios2eds/bin/gnu/H-i686-pc-linux-gnu/bin/../lib/gcc/nios2-elf/4.1.2/mno-hw-mul/libgcc.a(_div_df.o)
 .data          0x00112fdc        0x0 /opt/altera/13.0sp1/nios2eds/bin/gnu/H-i686-pc-linux-gnu/bin/../lib/gcc/nios2-elf/4.1.2/mno-hw-mul/libgcc.a(_si_to_df.o)
 .data          0x00112fdc        0x0 /opt/altera/13.0sp1/nios2eds/bin/gnu/H-i686-pc-linux-gnu/bin/../lib/gcc/nios2-elf/4.1.2/mno-hw-mul/libgcc.a(_df_to_si.o)
 .data          0x00112fdc        0x0 /opt/altera/13.0sp1/nios2eds/bin/gnu/H-i686-pc-linux-gnu/bin/../lib/gcc/nios2-elf/4.1.2/mno-hw-mul/libgcc.a(_make_df.o)
 .data          0x00112fdc        0x0 /opt/altera/13.0sp1/nios2eds/bin/gnu/H-i686-pc-linux-gnu/bin/../lib/gcc/nios2-elf/4.1.2/mno-hw-mul/libgcc.a(_thenan_df.o)
 .data          0x00112fdc        0x0 /opt/altera/13.0sp1/nios2eds/bin/gnu/H-i686-pc-linux-gnu/bin/../lib/gcc/nios2-elf/4.1.2/mno-hw-mul/libgcc.a(lib2-divmod.o)
 .data          0x00112fdc        0x0 /opt/altera/13.0sp1/nios2eds/bin/gnu/H-i686-pc-linux-gnu/bin/../lib/gcc/nios2-elf/4.1.2/mno-hw-mul/libgcc.a(lib2-mul.o)
 .data          0x00112fdc        0x0 /opt/altera/13.0sp1/nios2eds/bin/gnu/H-i686-pc-linux-gnu/bin/../lib/gcc/nios2-elf/4.1.2/mno-hw-mul/libgcc.a(_clzsi2.o)
 .data          0x00112fdc        0x0 /opt/altera/13.0sp1/nios2eds/bin/gnu/H-i686-pc-linux-gnu/bin/../lib/gcc/nios2-elf/4.1.2/mno-hw-mul/libgcc.a(_pack_sf.o)
 .data          0x00112fdc        0x0 /opt/altera/13.0sp1/nios2eds/bin/gnu/H-i686-pc-linux-gnu/bin/../lib/gcc/nios2-elf/4.1.2/mno-hw-mul/libgcc.a(_unpack_sf.o)
 .data          0x00112fdc        0x0 /opt/altera/13.0sp1/nios2eds/bin/gnu/H-i686-pc-linux-gnu/bin/../lib/gcc/nios2-elf/4.1.2/mno-hw-mul/libgcc.a(_pack_df.o)
 .data          0x00112fdc        0x0 /opt/altera/13.0sp1/nios2eds/bin/gnu/H-i686-pc-linux-gnu/bin/../lib/gcc/nios2-elf/4.1.2/mno-hw-mul/libgcc.a(_unpack_df.o)
 .data          0x00112fdc        0x0 /opt/altera/13.0sp1/nios2eds/bin/gnu/H-i686-pc-linux-gnu/bin/../lib/gcc/nios2-elf/4.1.2/mno-hw-mul/libgcc.a(_clz.o)
 .data          0x00112fdc        0x0 /opt/altera/13.0sp1/nios2eds/bin/gnu/H-i686-pc-linux-gnu/bin/../lib/gcc/nios2-elf/4.1.2/../../../../nios2-elf/lib/mno-hw-mul/libc.a(lib_a-printf.o)
 .data          0x00112fdc        0x0 /opt/altera/13.0sp1/nios2eds/bin/gnu/H-i686-pc-linux-gnu/bin/../lib/gcc/nios2-elf/4.1.2/../../../../nios2-elf/lib/mno-hw-mul/libc.a(lib_a-puts.o)
 .data          0x00112fdc        0x0 /opt/altera/13.0sp1/nios2eds/bin/gnu/H-i686-pc-linux-gnu/bin/../lib/gcc/nios2-elf/4.1.2/../../../../nios2-elf/lib/mno-hw-mul/libc.a(lib_a-strlen.o)
 .data          0x00112fdc        0x0 /opt/altera/13.0sp1/nios2eds/bin/gnu/H-i686-pc-linux-gnu/bin/../lib/gcc/nios2-elf/4.1.2/../../../../nios2-elf/lib/mno-hw-mul/libc.a(lib_a-vfprintf.o)
 .data          0x00112fdc        0x0 /opt/altera/13.0sp1/nios2eds/bin/gnu/H-i686-pc-linux-gnu/bin/../lib/gcc/nios2-elf/4.1.2/../../../../nios2-elf/lib/mno-hw-mul/libc.a(lib_a-wsetup.o)
 .data          0x00112fdc        0x0 /opt/altera/13.0sp1/nios2eds/bin/gnu/H-i686-pc-linux-gnu/bin/../lib/gcc/nios2-elf/4.1.2/../../../../nios2-elf/lib/mno-hw-mul/libc.a(lib_a-dtoa.o)
 .data          0x00112fdc        0x0 /opt/altera/13.0sp1/nios2eds/bin/gnu/H-i686-pc-linux-gnu/bin/../lib/gcc/nios2-elf/4.1.2/../../../../nios2-elf/lib/mno-hw-mul/libc.a(lib_a-fflush.o)
 .data          0x00112fdc        0x0 /opt/altera/13.0sp1/nios2eds/bin/gnu/H-i686-pc-linux-gnu/bin/../lib/gcc/nios2-elf/4.1.2/../../../../nios2-elf/lib/mno-hw-mul/libc.a(lib_a-findfp.o)
 .data          0x00112fdc        0x0 /opt/altera/13.0sp1/nios2eds/bin/gnu/H-i686-pc-linux-gnu/bin/../lib/gcc/nios2-elf/4.1.2/../../../../nios2-elf/lib/mno-hw-mul/libc.a(lib_a-freer.o)
 .data          0x00112fdc        0x0 /opt/altera/13.0sp1/nios2eds/bin/gnu/H-i686-pc-linux-gnu/bin/../lib/gcc/nios2-elf/4.1.2/../../../../nios2-elf/lib/mno-hw-mul/libc.a(lib_a-fvwrite.o)
 .data          0x00112fdc        0x0 /opt/altera/13.0sp1/nios2eds/bin/gnu/H-i686-pc-linux-gnu/bin/../lib/gcc/nios2-elf/4.1.2/../../../../nios2-elf/lib/mno-hw-mul/libc.a(lib_a-fwalk.o)
 .data          0x00112fdc      0x400 /opt/altera/13.0sp1/nios2eds/bin/gnu/H-i686-pc-linux-gnu/bin/../lib/gcc/nios2-elf/4.1.2/../../../../nios2-elf/lib/mno-hw-mul/libc.a(lib_a-impure.o)
 .data          0x001133dc        0xc /opt/altera/13.0sp1/nios2eds/bin/gnu/H-i686-pc-linux-gnu/bin/../lib/gcc/nios2-elf/4.1.2/../../../../nios2-elf/lib/mno-hw-mul/libc.a(lib_a-locale.o)
                0x001133dc                __lc_ctype
 .data          0x001133e8        0x0 /opt/altera/13.0sp1/nios2eds/bin/gnu/H-i686-pc-linux-gnu/bin/../lib/gcc/nios2-elf/4.1.2/../../../../nios2-elf/lib/mno-hw-mul/libc.a(lib_a-makebuf.o)
 .data          0x001133e8      0x408 /opt/altera/13.0sp1/nios2eds/bin/gnu/H-i686-pc-linux-gnu/bin/../lib/gcc/nios2-elf/4.1.2/../../../../nios2-elf/lib/mno-hw-mul/libc.a(lib_a-mallocr.o)
                0x001133e8                __malloc_av_
 .data          0x001137f0        0x0 /opt/altera/13.0sp1/nios2eds/bin/gnu/H-i686-pc-linux-gnu/bin/../lib/gcc/nios2-elf/4.1.2/../../../../nios2-elf/lib/mno-hw-mul/libc.a(lib_a-memchr.o)
 .data          0x001137f0        0x0 /opt/altera/13.0sp1/nios2eds/bin/gnu/H-i686-pc-linux-gnu/bin/../lib/gcc/nios2-elf/4.1.2/../../../../nios2-elf/lib/mno-hw-mul/libc.a(lib_a-memcpy.o)
 .data          0x001137f0        0x0 /opt/altera/13.0sp1/nios2eds/bin/gnu/H-i686-pc-linux-gnu/bin/../lib/gcc/nios2-elf/4.1.2/../../../../nios2-elf/lib/mno-hw-mul/libc.a(lib_a-memmove.o)
 .data          0x001137f0        0x0 /opt/altera/13.0sp1/nios2eds/bin/gnu/H-i686-pc-linux-gnu/bin/../lib/gcc/nios2-elf/4.1.2/../../../../nios2-elf/lib/mno-hw-mul/libc.a(lib_a-memset.o)
 .data          0x001137f0        0x0 /opt/altera/13.0sp1/nios2eds/bin/gnu/H-i686-pc-linux-gnu/bin/../lib/gcc/nios2-elf/4.1.2/../../../../nios2-elf/lib/mno-hw-mul/libc.a(lib_a-mprec.o)
 .data          0x001137f0        0x0 /opt/altera/13.0sp1/nios2eds/bin/gnu/H-i686-pc-linux-gnu/bin/../lib/gcc/nios2-elf/4.1.2/../../../../nios2-elf/lib/mno-hw-mul/libc.a(lib_a-reallocr.o)
 .data          0x001137f0        0x0 /opt/altera/13.0sp1/nios2eds/bin/gnu/H-i686-pc-linux-gnu/bin/../lib/gcc/nios2-elf/4.1.2/../../../../nios2-elf/lib/mno-hw-mul/libc.a(lib_a-s_isinfd.o)
 .data          0x001137f0        0x0 /opt/altera/13.0sp1/nios2eds/bin/gnu/H-i686-pc-linux-gnu/bin/../lib/gcc/nios2-elf/4.1.2/../../../../nios2-elf/lib/mno-hw-mul/libc.a(lib_a-s_isnand.o)
 .data          0x001137f0        0x0 /opt/altera/13.0sp1/nios2eds/bin/gnu/H-i686-pc-linux-gnu/bin/../lib/gcc/nios2-elf/4.1.2/../../../../nios2-elf/lib/mno-hw-mul/libc.a(lib_a-sbrkr.o)
 .data          0x001137f0        0x0 /opt/altera/13.0sp1/nios2eds/bin/gnu/H-i686-pc-linux-gnu/bin/../lib/gcc/nios2-elf/4.1.2/../../../../nios2-elf/lib/mno-hw-mul/libc.a(lib_a-stdio.o)
 .data          0x001137f0        0x0 /opt/altera/13.0sp1/nios2eds/bin/gnu/H-i686-pc-linux-gnu/bin/../lib/gcc/nios2-elf/4.1.2/../../../../nios2-elf/lib/mno-hw-mul/libc.a(lib_a-strcmp.o)
 .data          0x001137f0        0x0 /opt/altera/13.0sp1/nios2eds/bin/gnu/H-i686-pc-linux-gnu/bin/../lib/gcc/nios2-elf/4.1.2/../../../../nios2-elf/lib/mno-hw-mul/libc.a(lib_a-writer.o)
 .data          0x001137f0        0x0 /opt/altera/13.0sp1/nios2eds/bin/gnu/H-i686-pc-linux-gnu/bin/../lib/gcc/nios2-elf/4.1.2/../../../../nios2-elf/lib/mno-hw-mul/libc.a(lib_a-callocr.o)
 .data          0x001137f0        0x0 /opt/altera/13.0sp1/nios2eds/bin/gnu/H-i686-pc-linux-gnu/bin/../lib/gcc/nios2-elf/4.1.2/../../../../nios2-elf/lib/mno-hw-mul/libc.a(lib_a-closer.o)
 .data          0x001137f0        0x0 /opt/altera/13.0sp1/nios2eds/bin/gnu/H-i686-pc-linux-gnu/bin/../lib/gcc/nios2-elf/4.1.2/../../../../nios2-elf/lib/mno-hw-mul/libc.a(lib_a-fclose.o)
 .data          0x001137f0        0x0 /opt/altera/13.0sp1/nios2eds/bin/gnu/H-i686-pc-linux-gnu/bin/../lib/gcc/nios2-elf/4.1.2/../../../../nios2-elf/lib/mno-hw-mul/libc.a(lib_a-fstatr.o)
 .data          0x001137f0        0x0 /opt/altera/13.0sp1/nios2eds/bin/gnu/H-i686-pc-linux-gnu/bin/../lib/gcc/nios2-elf/4.1.2/../../../../nios2-elf/lib/mno-hw-mul/libc.a(lib_a-int_errno.o)
 .data          0x001137f0        0x0 /opt/altera/13.0sp1/nios2eds/bin/gnu/H-i686-pc-linux-gnu/bin/../lib/gcc/nios2-elf/4.1.2/../../../../nios2-elf/lib/mno-hw-mul/libc.a(lib_a-isattyr.o)
 .data          0x001137f0        0x0 /opt/altera/13.0sp1/nios2eds/bin/gnu/H-i686-pc-linux-gnu/bin/../lib/gcc/nios2-elf/4.1.2/../../../../nios2-elf/lib/mno-hw-mul/libc.a(lib_a-lseekr.o)
 .data          0x001137f0        0x0 /opt/altera/13.0sp1/nios2eds/bin/gnu/H-i686-pc-linux-gnu/bin/../lib/gcc/nios2-elf/4.1.2/../../../../nios2-elf/lib/mno-hw-mul/libc.a(lib_a-readr.o)
 .data          0x001137f0        0x0 /opt/altera/13.0sp1/nios2eds/bin/gnu/H-i686-pc-linux-gnu/bin/../lib/gcc/nios2-elf/4.1.2/mno-hw-mul/libgcc.a(_udivdi3.o)
 .data          0x001137f0        0x0 /opt/altera/13.0sp1/nios2eds/bin/gnu/H-i686-pc-linux-gnu/bin/../lib/gcc/nios2-elf/4.1.2/mno-hw-mul/libgcc.a(_umoddi3.o)
 .data          0x001137f0        0x0 /opt/altera/13.0sp1/nios2eds/bin/gnu/H-i686-pc-linux-gnu/bin/../lib/gcc/nios2-elf/4.1.2/mno-hw-mul/libgcc.a(_mul_df.o)
 .data          0x001137f0        0x0 /opt/altera/13.0sp1/nios2eds/bin/gnu/H-i686-pc-linux-gnu/bin/../lib/gcc/nios2-elf/4.1.2/mno-hw-mul/libgcc.a(_eq_df.o)
 .data          0x001137f0        0x0 /opt/altera/13.0sp1/nios2eds/bin/gnu/H-i686-pc-linux-gnu/bin/../lib/gcc/nios2-elf/4.1.2/mno-hw-mul/libgcc.a(_ne_df.o)
 .data          0x001137f0        0x0 /opt/altera/13.0sp1/nios2eds/bin/gnu/H-i686-pc-linux-gnu/bin/../lib/gcc/nios2-elf/4.1.2/mno-hw-mul/libgcc.a(_gt_df.o)
 .data          0x001137f0        0x0 /opt/altera/13.0sp1/nios2eds/bin/gnu/H-i686-pc-linux-gnu/bin/../lib/gcc/nios2-elf/4.1.2/mno-hw-mul/libgcc.a(_ge_df.o)
 .data          0x001137f0        0x0 /opt/altera/13.0sp1/nios2eds/bin/gnu/H-i686-pc-linux-gnu/bin/../lib/gcc/nios2-elf/4.1.2/mno-hw-mul/libgcc.a(_lt_df.o)
 .data          0x001137f0        0x0 /opt/altera/13.0sp1/nios2eds/bin/gnu/H-i686-pc-linux-gnu/bin/../lib/gcc/nios2-elf/4.1.2/mno-hw-mul/libgcc.a(_usi_to_df.o)
 .data          0x001137f0        0x0 /opt/altera/13.0sp1/nios2eds/bin/gnu/H-i686-pc-linux-gnu/bin/../lib/gcc/nios2-elf/4.1.2/mno-hw-mul/libgcc.a(_muldi3.o)
 .data          0x001137f0        0x0 /opt/altera/13.0sp1/nios2eds/bin/gnu/H-i686-pc-linux-gnu/bin/../lib/gcc/nios2-elf/4.1.2/mno-hw-mul/libgcc.a(_fpcmp_parts_df.o)
 .data          0x001137f0        0x0 ../bsp//libucosii_bsp.a(alt_alarm_start.o)
 .data          0x001137f0        0x0 ../bsp//libucosii_bsp.a(alt_close.o)
 .data          0x001137f0      0x1a8 ../bsp//libucosii_bsp.a(alt_dev.o)
                0x001137f0                alt_dev_null
                0x00113818                alt_fd_list
 .data          0x00113998        0x0 ../bsp//libucosii_bsp.a(alt_errno.o)
 .data          0x00113998        0x0 ../bsp//libucosii_bsp.a(alt_fstat.o)
 .data          0x00113998        0x0 ../bsp//libucosii_bsp.a(alt_isatty.o)
 .data          0x00113998        0x0 ../bsp//libucosii_bsp.a(alt_load.o)
 .data          0x00113998        0x0 ../bsp//libucosii_bsp.a(alt_lseek.o)
 .data          0x00113998        0x0 ../bsp//libucosii_bsp.a(alt_main.o)
 .data          0x00113998        0x0 ../bsp//libucosii_bsp.a(alt_read.o)
 .data          0x00113998        0x0 ../bsp//libucosii_bsp.a(alt_release_fd.o)
 .data          0x00113998        0x0 ../bsp//libucosii_bsp.a(alt_sbrk.o)
 .data          0x00113998        0x0 ../bsp//libucosii_bsp.a(alt_tick.o)
 .data          0x00113998        0x0 ../bsp//libucosii_bsp.a(alt_write.o)
 .data          0x00113998        0x0 ../bsp//libucosii_bsp.a(alt_env_lock.o)
 .data          0x00113998        0x0 ../bsp//libucosii_bsp.a(alt_malloc_lock.o)
 .data          0x00113998        0x0 ../bsp//libucosii_bsp.a(os_core.o)
 .data          0x00113998        0x0 ../bsp//libucosii_bsp.a(os_dbg.o)
 .data          0x00113998        0x0 ../bsp//libucosii_bsp.a(os_flag.o)
 .data          0x00113998        0x0 ../bsp//libucosii_bsp.a(os_mbox.o)
 .data          0x00113998        0x0 ../bsp//libucosii_bsp.a(os_mem.o)
 .data          0x00113998        0x0 ../bsp//libucosii_bsp.a(os_q.o)
 .data          0x00113998        0x0 ../bsp//libucosii_bsp.a(os_sem.o)
 .data          0x00113998        0x0 ../bsp//libucosii_bsp.a(os_task.o)
 .data          0x00113998        0x0 ../bsp//libucosii_bsp.a(os_time.o)
 .data          0x00113998        0x0 ../bsp//libucosii_bsp.a(os_tmr.o)
 .data          0x00113998     0x1098 ../bsp//libucosii_bsp.a(alt_sys_init.o)
 .data          0x00114a30        0x0 ../bsp//libucosii_bsp.a(altera_avalon_jtag_uart_fd.o)
 .data          0x00114a30        0x0 ../bsp//libucosii_bsp.a(altera_avalon_jtag_uart_init.o)
 .data          0x00114a30        0x0 ../bsp//libucosii_bsp.a(altera_avalon_jtag_uart_ioctl.o)
 .data          0x00114a30        0x0 ../bsp//libucosii_bsp.a(altera_avalon_jtag_uart_read.o)
 .data          0x00114a30        0x0 ../bsp//libucosii_bsp.a(altera_avalon_jtag_uart_write.o)
 .data          0x00114a30        0x0 ../bsp//libucosii_bsp.a(altera_avalon_timer_sc.o)
 .data          0x00114a30        0x0 ../bsp//libucosii_bsp.a(altera_up_avalon_character_lcd.o)
 .data          0x00114a30        0x0 ../bsp//libucosii_bsp.a(alt_dcache_flush_all.o)
 .data          0x00114a30        0x0 ../bsp//libucosii_bsp.a(alt_dev_llist_insert.o)
 .data          0x00114a30        0x0 ../bsp//libucosii_bsp.a(alt_do_ctors.o)
 .data          0x00114a30        0x0 ../bsp//libucosii_bsp.a(alt_do_dtors.o)
 .data          0x00114a30        0x0 ../bsp//libucosii_bsp.a(alt_find_dev.o)
 .data          0x00114a30        0x0 ../bsp//libucosii_bsp.a(alt_icache_flush_all.o)
 .data          0x00114a30        0x0 ../bsp//libucosii_bsp.a(alt_iic.o)
 .data          0x00114a30        0x0 ../bsp//libucosii_bsp.a(alt_iic_isr_register.o)
 .data          0x00114a30        0x0 ../bsp//libucosii_bsp.a(alt_io_redirect.o)
 .data          0x00114a30        0x0 ../bsp//libucosii_bsp.a(alt_irq_entry.o)
 .data          0x00114a30        0x0 ../bsp//libucosii_bsp.a(alt_irq_handler.o)
 .data          0x00114a30        0x0 ../bsp//libucosii_bsp.a(alt_irq_vars.o)
 .data          0x00114a30        0x0 ../bsp//libucosii_bsp.a(alt_open.o)
 .data          0x00114a30        0x0 ../bsp//libucosii_bsp.a(altera_nios2_qsys_irq.o)
 .data          0x00114a30        0x0 ../bsp//libucosii_bsp.a(os_cpu_a.o)
 .data          0x00114a30        0x0 ../bsp//libucosii_bsp.a(os_cpu_c.o)
 .data          0x00114a30        0x0 ../bsp//libucosii_bsp.a(alt_exception_entry.o)
 .data          0x00114a30        0x0 ../bsp//libucosii_bsp.a(alt_find_file.o)
 .data          0x00114a30        0x0 ../bsp//libucosii_bsp.a(alt_get_fd.o)
 .data          0x00114a30        0x0 /opt/altera/13.0sp1/nios2eds/bin/gnu/H-i686-pc-linux-gnu/bin/../lib/gcc/nios2-elf/4.1.2/../../../../nios2-elf/lib/mno-hw-mul/libc.a(lib_a-atexit.o)
 .data          0x00114a30        0x0 /opt/altera/13.0sp1/nios2eds/bin/gnu/H-i686-pc-linux-gnu/bin/../lib/gcc/nios2-elf/4.1.2/../../../../nios2-elf/lib/mno-hw-mul/libc.a(lib_a-exit.o)
 .data          0x00114a30        0x0 /opt/altera/13.0sp1/nios2eds/bin/gnu/H-i686-pc-linux-gnu/bin/../lib/gcc/nios2-elf/4.1.2/../../../../nios2-elf/lib/mno-hw-mul/libc.a(lib_a-memcmp.o)
 .data          0x00114a30        0x0 /opt/altera/13.0sp1/nios2eds/bin/gnu/H-i686-pc-linux-gnu/bin/../lib/gcc/nios2-elf/4.1.2/../../../../nios2-elf/lib/mno-hw-mul/libc.a(lib_a-__atexit.o)
 .data          0x00114a30        0x0 /opt/altera/13.0sp1/nios2eds/bin/gnu/H-i686-pc-linux-gnu/bin/../lib/gcc/nios2-elf/4.1.2/../../../../nios2-elf/lib/mno-hw-mul/libc.a(lib_a-__call_atexit.o)
 .data          0x00114a30        0x0 /opt/altera/13.0sp1/nios2eds/bin/gnu/H-i686-pc-linux-gnu/bin/../lib/gcc/nios2-elf/4.1.2/mno-hw-mul/libgcc.a(_fixunsdfsi.o)
 .data          0x00114a30        0x0 ../bsp//libucosii_bsp.a(alt_exit.o)
                0x0011ca30                _gp = ABSOLUTE ((. + 0x8000))
                0x0011ca30                PROVIDE (gp, _gp)
 *(.rwdata .rwdata.*)
 *(.sdata .sdata.* .gnu.linkonce.s.*)
 .sdata         0x00114a30       0x14 obj/default/cruise_skeleton.o
                0x00114a30                gas_pedal
                0x00114a34                brake_pedal
                0x00114a38                top_gear
                0x00114a3c                engine
                0x00114a40                cruise_control
 .sdata         0x00114a44        0x8 /opt/altera/13.0sp1/nios2eds/bin/gnu/H-i686-pc-linux-gnu/bin/../lib/gcc/nios2-elf/4.1.2/../../../../nios2-elf/lib/mno-hw-mul/libc.a(lib_a-impure.o)
                0x00114a44                _impure_ptr
                0x00114a48                _global_impure_ptr
 .sdata         0x00114a4c        0x8 /opt/altera/13.0sp1/nios2eds/bin/gnu/H-i686-pc-linux-gnu/bin/../lib/gcc/nios2-elf/4.1.2/../../../../nios2-elf/lib/mno-hw-mul/libc.a(lib_a-locale.o)
                0x00114a4c                __mb_cur_max
 .sdata         0x00114a54        0x8 /opt/altera/13.0sp1/nios2eds/bin/gnu/H-i686-pc-linux-gnu/bin/../lib/gcc/nios2-elf/4.1.2/../../../../nios2-elf/lib/mno-hw-mul/libc.a(lib_a-mallocr.o)
                0x00114a54                __malloc_trim_threshold
                0x00114a58                __malloc_sbrk_base
 .sdata         0x00114a5c       0x14 ../bsp//libucosii_bsp.a(alt_dev.o)
                0x00114a5c                alt_fs_list
                0x00114a64                alt_dev_list
                0x00114a6c                alt_max_fd
 .sdata         0x00114a70        0x4 ../bsp//libucosii_bsp.a(alt_errno.o)
                0x00114a70                alt_errno
 .sdata         0x00114a74        0x4 ../bsp//libucosii_bsp.a(alt_sbrk.o)
 .sdata         0x00114a78        0x8 ../bsp//libucosii_bsp.a(alt_tick.o)
                0x00114a78                alt_alarm_list
 .sdata         0x00114a80        0x4 ../bsp//libucosii_bsp.a(alt_env_lock.o)
 .sdata         0x00114a84        0x4 ../bsp//libucosii_bsp.a(alt_malloc_lock.o)
 .sdata         0x00114a88       0x74 ../bsp//libucosii_bsp.a(os_dbg.o)
                0x00114a88                OSDebugEn
                0x00114a8c                OSEndiannessTest
                0x00114a90                OSEventEn
                0x00114a92                OSEventMax
                0x00114a94                OSEventNameSize
                0x00114a96                OSEventSize
                0x00114a98                OSEventTblSize
                0x00114a9a                OSEventMultiEn
                0x00114a9c                OSFlagEn
                0x00114a9e                OSFlagGrpSize
                0x00114aa0                OSFlagNodeSize
                0x00114aa2                OSFlagWidth
                0x00114aa4                OSFlagMax
                0x00114aa6                OSFlagNameSize
                0x00114aa8                OSLowestPrio
                0x00114aaa                OSMboxEn
                0x00114aac                OSMemEn
                0x00114aae                OSMemMax
                0x00114ab0                OSMemNameSize
                0x00114ab2                OSMemSize
                0x00114ab4                OSMemTblSize
                0x00114ab6                OSMutexEn
                0x00114ab8                OSPtrSize
                0x00114aba                OSQEn
                0x00114abc                OSQMax
                0x00114abe                OSQSize
                0x00114ac0                OSRdyTblSize
                0x00114ac2                OSSemEn
                0x00114ac4                OSStkWidth
                0x00114ac6                OSTaskCreateEn
                0x00114ac8                OSTaskCreateExtEn
                0x00114aca                OSTaskDelEn
                0x00114acc                OSTaskIdleStkSize
                0x00114ace                OSTaskProfileEn
                0x00114ad0                OSTaskMax
                0x00114ad2                OSTaskNameSize
                0x00114ad4                OSTaskStatEn
                0x00114ad6                OSTaskStatStkSize
                0x00114ad8                OSTaskStatStkChkEn
                0x00114ada                OSTaskSwHookEn
                0x00114adc                OSTCBPrioTblMax
                0x00114ade                OSTCBSize
                0x00114ae0                OSTicksPerSec
                0x00114ae2                OSTimeTickHookEn
                0x00114ae4                OSVersionNbr
                0x00114ae6                OSTmrEn
                0x00114ae8                OSTmrCfgMax
                0x00114aea                OSTmrCfgNameSize
                0x00114aec                OSTmrCfgWheelSize
                0x00114aee                OSTmrCfgTicksPerSec
                0x00114af0                OSTmrSize
                0x00114af2                OSTmrTblSize
                0x00114af4                OSTmrWheelSize
                0x00114af6                OSTmrWheelTblSize
                0x00114af8                OSDataSize
 .sdata         0x00114afc        0x4 ../bsp//libucosii_bsp.a(alt_irq_vars.o)
                0x00114afc                alt_priority_mask
 *(.sdata2 .sdata2.* .gnu.linkonce.s2.*)
                0x00114b00                . = ALIGN (0x4)
                0x00114b00                _edata = ABSOLUTE (.)
                0x00114b00                PROVIDE (edata, ABSOLUTE (.))
                0x00114b00                PROVIDE (__ram_rwdata_end, ABSOLUTE (.))
                0x00114b00                PROVIDE (__flash_rwdata_start, LOADADDR (.rwdata))

.bss            0x00116650    0x14154
                0x00116650                __bss_start = ABSOLUTE (.)
                0x00116650                PROVIDE (__sbss_start, ABSOLUTE (.))
                0x00116650                PROVIDE (___sbss_start, ABSOLUTE (.))
 *(.dynsbss)
 *(.sbss .sbss.* .gnu.linkonce.sb.*)
 .sbss          0x00116650        0x8 obj/default/cruise_skeleton.o
                0x00116650                led_green
                0x00116654                led_red
 .sbss          0x00116658       0x54 obj/default/cruise_skeleton.o
                0x00116658                Mbox_Throttle
                0x0011665c                SwitchSem
                0x00116660                WatchdogSem
                0x00116664                target_velocity
                0x00116668                ButtonSem
                0x0011666c                Mbox_Velocity
                0x00116670                time_1
                0x00116674                ButtonTmr
                0x00116678                ControlSem
                0x0011667c                OverloadSem
                0x00116680                ControlTmr
                0x00116684                VehicleTmr
                0x00116688                SwitchTmr
                0x0011668c                Mbox_Overload
                0x00116690                timer_overhead
                0x00116694                delay
                0x00116698                ticks
                0x0011669c                VehicleSem
                0x001166a0                WatchdogTmr
                0x001166a4                Mbox_Brake
                0x001166a8                time_2
 .sbss          0x001166ac        0xc /opt/altera/13.0sp1/nios2eds/bin/gnu/H-i686-pc-linux-gnu/bin/../lib/gcc/nios2-elf/4.1.2/../../../../nios2-elf/lib/mno-hw-mul/libc.a(lib_a-locale.o)
                0x001166ac                __nlocale_changed
                0x001166b0                __mlocale_changed
                0x001166b4                _PathLocale
 .sbss          0x001166b8        0xc /opt/altera/13.0sp1/nios2eds/bin/gnu/H-i686-pc-linux-gnu/bin/../lib/gcc/nios2-elf/4.1.2/../../../../nios2-elf/lib/mno-hw-mul/libc.a(lib_a-mallocr.o)
                0x001166b8                __malloc_top_pad
                0x001166bc                __malloc_max_sbrked_mem
                0x001166c0                __malloc_max_total_mem
 .sbss          0x001166c4        0x4 /opt/altera/13.0sp1/nios2eds/bin/gnu/H-i686-pc-linux-gnu/bin/../lib/gcc/nios2-elf/4.1.2/../../../../nios2-elf/lib/mno-hw-mul/libc.a(lib_a-int_errno.o)
                0x001166c4                errno
 .sbss          0x001166c8        0x4 ../bsp//libucosii_bsp.a(alt_dev.o)
                0x001166c8                alt_fd_list_lock
 .sbss          0x001166cc        0xc ../bsp//libucosii_bsp.a(alt_main.o)
                0x001166cc                alt_argc
                0x001166d0                alt_argv
                0x001166d4                alt_envp
 .sbss          0x001166d8        0x8 ../bsp//libucosii_bsp.a(alt_tick.o)
                0x001166d8                _alt_tick_rate
                0x001166dc                _alt_nticks
 .sbss          0x001166e0        0x8 ../bsp//libucosii_bsp.a(alt_env_lock.o)
                0x001166e4                alt_envsem
 .sbss          0x001166e8        0x8 ../bsp//libucosii_bsp.a(alt_malloc_lock.o)
                0x001166ec                alt_heapsem
 .sbss          0x001166f0       0x68 ../bsp//libucosii_bsp.a(os_core.o)
                0x001166f0                OSTmrFreeList
                0x001166f4                OSLockNesting
                0x001166f8                OSTmrSemSignal
                0x001166fc                OSRunning
                0x00116700                OSIdleCtr
                0x00116704                OSTmrUsed
                0x00116706                OSPrioHighRdy
                0x00116707                OSPrioCur
                0x00116708                OSTCBList
                0x0011670c                OSTickStepState
                0x00116710                OSCtxSwCtr
                0x00116714                OSTmrFree
                0x00116718                OSIdleCtrMax
                0x0011671c                OSTCBFreeList
                0x00116720                OSCPUUsage
                0x00116721                OSTaskCtr
                0x00116724                OSMemFreeList
                0x00116728                OSTCBHighRdy
                0x0011672c                OSQFreeList
                0x00116730                OSRdyGrp
                0x00116731                OSRdyTbl
                0x00116734                OSEventFreeList
                0x00116738                OSIntNesting
                0x0011673c                OSTCBCur
                0x00116740                OSTmrTime
                0x00116744                OSTime
                0x00116748                OSTmrSem
                0x0011674c                OSFlagFreeList
                0x00116750                OSStatRdy
                0x00116754                OSIdleCtrRun
 .sbss          0x00116758        0x4 ../bsp//libucosii_bsp.a(alt_irq_vars.o)
                0x00116758                alt_irq_active
 .sbss          0x0011675c        0x2 ../bsp//libucosii_bsp.a(os_cpu_c.o)
 *(.sbss2 .sbss2.* .gnu.linkonce.sb2.*)
 *(.scommon)
                0x0011675e                PROVIDE (__sbss_end, ABSOLUTE (.))
                0x0011675e                PROVIDE (___sbss_end, ABSOLUTE (.))
 *(.dynbss)
 *(.bss .bss.* .gnu.linkonce.b.*)
 .bss           0x0011675e        0x0 ../bsp//obj/HAL/src/crt0.o
 *fill*         0x0011675e        0x2 00
 .bss           0x00116760       0x18 obj/default/cruise_skeleton.o
 .bss           0x00116778        0x0 /opt/altera/13.0sp1/nios2eds/bin/gnu/H-i686-pc-linux-gnu/bin/../lib/gcc/nios2-elf/4.1.2/mno-hw-mul/libgcc.a(_si_to_sf.o)
 .bss           0x00116778        0x0 /opt/altera/13.0sp1/nios2eds/bin/gnu/H-i686-pc-linux-gnu/bin/../lib/gcc/nios2-elf/4.1.2/mno-hw-mul/libgcc.a(_sf_to_df.o)
 .bss           0x00116778        0x0 /opt/altera/13.0sp1/nios2eds/bin/gnu/H-i686-pc-linux-gnu/bin/../lib/gcc/nios2-elf/4.1.2/mno-hw-mul/libgcc.a(_addsub_df.o)
 .bss           0x00116778        0x0 /opt/altera/13.0sp1/nios2eds/bin/gnu/H-i686-pc-linux-gnu/bin/../lib/gcc/nios2-elf/4.1.2/mno-hw-mul/libgcc.a(_div_df.o)
 .bss           0x00116778        0x0 /opt/altera/13.0sp1/nios2eds/bin/gnu/H-i686-pc-linux-gnu/bin/../lib/gcc/nios2-elf/4.1.2/mno-hw-mul/libgcc.a(_si_to_df.o)
 .bss           0x00116778        0x0 /opt/altera/13.0sp1/nios2eds/bin/gnu/H-i686-pc-linux-gnu/bin/../lib/gcc/nios2-elf/4.1.2/mno-hw-mul/libgcc.a(_df_to_si.o)
 .bss           0x00116778        0x0 /opt/altera/13.0sp1/nios2eds/bin/gnu/H-i686-pc-linux-gnu/bin/../lib/gcc/nios2-elf/4.1.2/mno-hw-mul/libgcc.a(_make_df.o)
 .bss           0x00116778        0x0 /opt/altera/13.0sp1/nios2eds/bin/gnu/H-i686-pc-linux-gnu/bin/../lib/gcc/nios2-elf/4.1.2/mno-hw-mul/libgcc.a(_thenan_df.o)
 .bss           0x00116778        0x0 /opt/altera/13.0sp1/nios2eds/bin/gnu/H-i686-pc-linux-gnu/bin/../lib/gcc/nios2-elf/4.1.2/mno-hw-mul/libgcc.a(lib2-divmod.o)
 .bss           0x00116778        0x0 /opt/altera/13.0sp1/nios2eds/bin/gnu/H-i686-pc-linux-gnu/bin/../lib/gcc/nios2-elf/4.1.2/mno-hw-mul/libgcc.a(lib2-mul.o)
 .bss           0x00116778        0x0 /opt/altera/13.0sp1/nios2eds/bin/gnu/H-i686-pc-linux-gnu/bin/../lib/gcc/nios2-elf/4.1.2/mno-hw-mul/libgcc.a(_clzsi2.o)
 .bss           0x00116778        0x0 /opt/altera/13.0sp1/nios2eds/bin/gnu/H-i686-pc-linux-gnu/bin/../lib/gcc/nios2-elf/4.1.2/mno-hw-mul/libgcc.a(_pack_sf.o)
 .bss           0x00116778        0x0 /opt/altera/13.0sp1/nios2eds/bin/gnu/H-i686-pc-linux-gnu/bin/../lib/gcc/nios2-elf/4.1.2/mno-hw-mul/libgcc.a(_unpack_sf.o)
 .bss           0x00116778        0x0 /opt/altera/13.0sp1/nios2eds/bin/gnu/H-i686-pc-linux-gnu/bin/../lib/gcc/nios2-elf/4.1.2/mno-hw-mul/libgcc.a(_pack_df.o)
 .bss           0x00116778        0x0 /opt/altera/13.0sp1/nios2eds/bin/gnu/H-i686-pc-linux-gnu/bin/../lib/gcc/nios2-elf/4.1.2/mno-hw-mul/libgcc.a(_unpack_df.o)
 .bss           0x00116778        0x0 /opt/altera/13.0sp1/nios2eds/bin/gnu/H-i686-pc-linux-gnu/bin/../lib/gcc/nios2-elf/4.1.2/mno-hw-mul/libgcc.a(_clz.o)
 .bss           0x00116778        0x0 /opt/altera/13.0sp1/nios2eds/bin/gnu/H-i686-pc-linux-gnu/bin/../lib/gcc/nios2-elf/4.1.2/../../../../nios2-elf/lib/mno-hw-mul/libc.a(lib_a-printf.o)
 .bss           0x00116778        0x0 /opt/altera/13.0sp1/nios2eds/bin/gnu/H-i686-pc-linux-gnu/bin/../lib/gcc/nios2-elf/4.1.2/../../../../nios2-elf/lib/mno-hw-mul/libc.a(lib_a-puts.o)
 .bss           0x00116778        0x0 /opt/altera/13.0sp1/nios2eds/bin/gnu/H-i686-pc-linux-gnu/bin/../lib/gcc/nios2-elf/4.1.2/../../../../nios2-elf/lib/mno-hw-mul/libc.a(lib_a-strlen.o)
 .bss           0x00116778        0x0 /opt/altera/13.0sp1/nios2eds/bin/gnu/H-i686-pc-linux-gnu/bin/../lib/gcc/nios2-elf/4.1.2/../../../../nios2-elf/lib/mno-hw-mul/libc.a(lib_a-vfprintf.o)
 .bss           0x00116778        0x0 /opt/altera/13.0sp1/nios2eds/bin/gnu/H-i686-pc-linux-gnu/bin/../lib/gcc/nios2-elf/4.1.2/../../../../nios2-elf/lib/mno-hw-mul/libc.a(lib_a-wsetup.o)
 .bss           0x00116778        0x0 /opt/altera/13.0sp1/nios2eds/bin/gnu/H-i686-pc-linux-gnu/bin/../lib/gcc/nios2-elf/4.1.2/../../../../nios2-elf/lib/mno-hw-mul/libc.a(lib_a-dtoa.o)
 .bss           0x00116778        0x0 /opt/altera/13.0sp1/nios2eds/bin/gnu/H-i686-pc-linux-gnu/bin/../lib/gcc/nios2-elf/4.1.2/../../../../nios2-elf/lib/mno-hw-mul/libc.a(lib_a-fflush.o)
 .bss           0x00116778        0x0 /opt/altera/13.0sp1/nios2eds/bin/gnu/H-i686-pc-linux-gnu/bin/../lib/gcc/nios2-elf/4.1.2/../../../../nios2-elf/lib/mno-hw-mul/libc.a(lib_a-findfp.o)
 .bss           0x00116778        0x0 /opt/altera/13.0sp1/nios2eds/bin/gnu/H-i686-pc-linux-gnu/bin/../lib/gcc/nios2-elf/4.1.2/../../../../nios2-elf/lib/mno-hw-mul/libc.a(lib_a-freer.o)
 .bss           0x00116778        0x0 /opt/altera/13.0sp1/nios2eds/bin/gnu/H-i686-pc-linux-gnu/bin/../lib/gcc/nios2-elf/4.1.2/../../../../nios2-elf/lib/mno-hw-mul/libc.a(lib_a-fvwrite.o)
 .bss           0x00116778        0x0 /opt/altera/13.0sp1/nios2eds/bin/gnu/H-i686-pc-linux-gnu/bin/../lib/gcc/nios2-elf/4.1.2/../../../../nios2-elf/lib/mno-hw-mul/libc.a(lib_a-fwalk.o)
 .bss           0x00116778        0x0 /opt/altera/13.0sp1/nios2eds/bin/gnu/H-i686-pc-linux-gnu/bin/../lib/gcc/nios2-elf/4.1.2/../../../../nios2-elf/lib/mno-hw-mul/libc.a(lib_a-impure.o)
 .bss           0x00116778        0x0 /opt/altera/13.0sp1/nios2eds/bin/gnu/H-i686-pc-linux-gnu/bin/../lib/gcc/nios2-elf/4.1.2/../../../../nios2-elf/lib/mno-hw-mul/libc.a(lib_a-locale.o)
 .bss           0x00116778        0x0 /opt/altera/13.0sp1/nios2eds/bin/gnu/H-i686-pc-linux-gnu/bin/../lib/gcc/nios2-elf/4.1.2/../../../../nios2-elf/lib/mno-hw-mul/libc.a(lib_a-makebuf.o)
 .bss           0x00116778       0x28 /opt/altera/13.0sp1/nios2eds/bin/gnu/H-i686-pc-linux-gnu/bin/../lib/gcc/nios2-elf/4.1.2/../../../../nios2-elf/lib/mno-hw-mul/libc.a(lib_a-mallocr.o)
                0x00116778                __malloc_current_mallinfo
 .bss           0x001167a0        0x0 /opt/altera/13.0sp1/nios2eds/bin/gnu/H-i686-pc-linux-gnu/bin/../lib/gcc/nios2-elf/4.1.2/../../../../nios2-elf/lib/mno-hw-mul/libc.a(lib_a-memchr.o)
 .bss           0x001167a0        0x0 /opt/altera/13.0sp1/nios2eds/bin/gnu/H-i686-pc-linux-gnu/bin/../lib/gcc/nios2-elf/4.1.2/../../../../nios2-elf/lib/mno-hw-mul/libc.a(lib_a-memcpy.o)
 .bss           0x001167a0        0x0 /opt/altera/13.0sp1/nios2eds/bin/gnu/H-i686-pc-linux-gnu/bin/../lib/gcc/nios2-elf/4.1.2/../../../../nios2-elf/lib/mno-hw-mul/libc.a(lib_a-memmove.o)
 .bss           0x001167a0        0x0 /opt/altera/13.0sp1/nios2eds/bin/gnu/H-i686-pc-linux-gnu/bin/../lib/gcc/nios2-elf/4.1.2/../../../../nios2-elf/lib/mno-hw-mul/libc.a(lib_a-memset.o)
 .bss           0x001167a0        0x0 /opt/altera/13.0sp1/nios2eds/bin/gnu/H-i686-pc-linux-gnu/bin/../lib/gcc/nios2-elf/4.1.2/../../../../nios2-elf/lib/mno-hw-mul/libc.a(lib_a-mprec.o)
 .bss           0x001167a0        0x0 /opt/altera/13.0sp1/nios2eds/bin/gnu/H-i686-pc-linux-gnu/bin/../lib/gcc/nios2-elf/4.1.2/../../../../nios2-elf/lib/mno-hw-mul/libc.a(lib_a-reallocr.o)
 .bss           0x001167a0        0x0 /opt/altera/13.0sp1/nios2eds/bin/gnu/H-i686-pc-linux-gnu/bin/../lib/gcc/nios2-elf/4.1.2/../../../../nios2-elf/lib/mno-hw-mul/libc.a(lib_a-s_isinfd.o)
 .bss           0x001167a0        0x0 /opt/altera/13.0sp1/nios2eds/bin/gnu/H-i686-pc-linux-gnu/bin/../lib/gcc/nios2-elf/4.1.2/../../../../nios2-elf/lib/mno-hw-mul/libc.a(lib_a-s_isnand.o)
 .bss           0x001167a0        0x0 /opt/altera/13.0sp1/nios2eds/bin/gnu/H-i686-pc-linux-gnu/bin/../lib/gcc/nios2-elf/4.1.2/../../../../nios2-elf/lib/mno-hw-mul/libc.a(lib_a-sbrkr.o)
 .bss           0x001167a0        0x0 /opt/altera/13.0sp1/nios2eds/bin/gnu/H-i686-pc-linux-gnu/bin/../lib/gcc/nios2-elf/4.1.2/../../../../nios2-elf/lib/mno-hw-mul/libc.a(lib_a-stdio.o)
 .bss           0x001167a0        0x0 /opt/altera/13.0sp1/nios2eds/bin/gnu/H-i686-pc-linux-gnu/bin/../lib/gcc/nios2-elf/4.1.2/../../../../nios2-elf/lib/mno-hw-mul/libc.a(lib_a-strcmp.o)
 .bss           0x001167a0        0x0 /opt/altera/13.0sp1/nios2eds/bin/gnu/H-i686-pc-linux-gnu/bin/../lib/gcc/nios2-elf/4.1.2/../../../../nios2-elf/lib/mno-hw-mul/libc.a(lib_a-writer.o)
 .bss           0x001167a0        0x0 /opt/altera/13.0sp1/nios2eds/bin/gnu/H-i686-pc-linux-gnu/bin/../lib/gcc/nios2-elf/4.1.2/../../../../nios2-elf/lib/mno-hw-mul/libc.a(lib_a-callocr.o)
 .bss           0x001167a0        0x0 /opt/altera/13.0sp1/nios2eds/bin/gnu/H-i686-pc-linux-gnu/bin/../lib/gcc/nios2-elf/4.1.2/../../../../nios2-elf/lib/mno-hw-mul/libc.a(lib_a-closer.o)
 .bss           0x001167a0        0x0 /opt/altera/13.0sp1/nios2eds/bin/gnu/H-i686-pc-linux-gnu/bin/../lib/gcc/nios2-elf/4.1.2/../../../../nios2-elf/lib/mno-hw-mul/libc.a(lib_a-fclose.o)
 .bss           0x001167a0        0x0 /opt/altera/13.0sp1/nios2eds/bin/gnu/H-i686-pc-linux-gnu/bin/../lib/gcc/nios2-elf/4.1.2/../../../../nios2-elf/lib/mno-hw-mul/libc.a(lib_a-fstatr.o)
 .bss           0x001167a0        0x0 /opt/altera/13.0sp1/nios2eds/bin/gnu/H-i686-pc-linux-gnu/bin/../lib/gcc/nios2-elf/4.1.2/../../../../nios2-elf/lib/mno-hw-mul/libc.a(lib_a-int_errno.o)
 .bss           0x001167a0        0x0 /opt/altera/13.0sp1/nios2eds/bin/gnu/H-i686-pc-linux-gnu/bin/../lib/gcc/nios2-elf/4.1.2/../../../../nios2-elf/lib/mno-hw-mul/libc.a(lib_a-isattyr.o)
 .bss           0x001167a0        0x0 /opt/altera/13.0sp1/nios2eds/bin/gnu/H-i686-pc-linux-gnu/bin/../lib/gcc/nios2-elf/4.1.2/../../../../nios2-elf/lib/mno-hw-mul/libc.a(lib_a-lseekr.o)
 .bss           0x001167a0        0x0 /opt/altera/13.0sp1/nios2eds/bin/gnu/H-i686-pc-linux-gnu/bin/../lib/gcc/nios2-elf/4.1.2/../../../../nios2-elf/lib/mno-hw-mul/libc.a(lib_a-readr.o)
 .bss           0x001167a0        0x0 /opt/altera/13.0sp1/nios2eds/bin/gnu/H-i686-pc-linux-gnu/bin/../lib/gcc/nios2-elf/4.1.2/mno-hw-mul/libgcc.a(_udivdi3.o)
 .bss           0x001167a0        0x0 /opt/altera/13.0sp1/nios2eds/bin/gnu/H-i686-pc-linux-gnu/bin/../lib/gcc/nios2-elf/4.1.2/mno-hw-mul/libgcc.a(_umoddi3.o)
 .bss           0x001167a0        0x0 /opt/altera/13.0sp1/nios2eds/bin/gnu/H-i686-pc-linux-gnu/bin/../lib/gcc/nios2-elf/4.1.2/mno-hw-mul/libgcc.a(_mul_df.o)
 .bss           0x001167a0        0x0 /opt/altera/13.0sp1/nios2eds/bin/gnu/H-i686-pc-linux-gnu/bin/../lib/gcc/nios2-elf/4.1.2/mno-hw-mul/libgcc.a(_eq_df.o)
 .bss           0x001167a0        0x0 /opt/altera/13.0sp1/nios2eds/bin/gnu/H-i686-pc-linux-gnu/bin/../lib/gcc/nios2-elf/4.1.2/mno-hw-mul/libgcc.a(_ne_df.o)
 .bss           0x001167a0        0x0 /opt/altera/13.0sp1/nios2eds/bin/gnu/H-i686-pc-linux-gnu/bin/../lib/gcc/nios2-elf/4.1.2/mno-hw-mul/libgcc.a(_gt_df.o)
 .bss           0x001167a0        0x0 /opt/altera/13.0sp1/nios2eds/bin/gnu/H-i686-pc-linux-gnu/bin/../lib/gcc/nios2-elf/4.1.2/mno-hw-mul/libgcc.a(_ge_df.o)
 .bss           0x001167a0        0x0 /opt/altera/13.0sp1/nios2eds/bin/gnu/H-i686-pc-linux-gnu/bin/../lib/gcc/nios2-elf/4.1.2/mno-hw-mul/libgcc.a(_lt_df.o)
 .bss           0x001167a0        0x0 /opt/altera/13.0sp1/nios2eds/bin/gnu/H-i686-pc-linux-gnu/bin/../lib/gcc/nios2-elf/4.1.2/mno-hw-mul/libgcc.a(_usi_to_df.o)
 .bss           0x001167a0        0x0 /opt/altera/13.0sp1/nios2eds/bin/gnu/H-i686-pc-linux-gnu/bin/../lib/gcc/nios2-elf/4.1.2/mno-hw-mul/libgcc.a(_muldi3.o)
 .bss           0x001167a0        0x0 /opt/altera/13.0sp1/nios2eds/bin/gnu/H-i686-pc-linux-gnu/bin/../lib/gcc/nios2-elf/4.1.2/mno-hw-mul/libgcc.a(_fpcmp_parts_df.o)
 .bss           0x001167a0        0x0 ../bsp//libucosii_bsp.a(alt_alarm_start.o)
 .bss           0x001167a0        0x0 ../bsp//libucosii_bsp.a(alt_close.o)
 .bss           0x001167a0        0x0 ../bsp//libucosii_bsp.a(alt_dev.o)
 .bss           0x001167a0        0x0 ../bsp//libucosii_bsp.a(alt_errno.o)
 .bss           0x001167a0        0x0 ../bsp//libucosii_bsp.a(alt_fstat.o)
 .bss           0x001167a0        0x0 ../bsp//libucosii_bsp.a(alt_isatty.o)
 .bss           0x001167a0        0x0 ../bsp//libucosii_bsp.a(alt_load.o)
 .bss           0x001167a0        0x0 ../bsp//libucosii_bsp.a(alt_lseek.o)
 .bss           0x001167a0        0x0 ../bsp//libucosii_bsp.a(alt_main.o)
 .bss           0x001167a0        0x0 ../bsp//libucosii_bsp.a(alt_read.o)
 .bss           0x001167a0        0x0 ../bsp//libucosii_bsp.a(alt_release_fd.o)
 .bss           0x001167a0        0x0 ../bsp//libucosii_bsp.a(alt_sbrk.o)
 .bss           0x001167a0        0x0 ../bsp//libucosii_bsp.a(alt_tick.o)
 .bss           0x001167a0        0x0 ../bsp//libucosii_bsp.a(alt_write.o)
 .bss           0x001167a0        0x0 ../bsp//libucosii_bsp.a(alt_env_lock.o)
 .bss           0x001167a0        0x0 ../bsp//libucosii_bsp.a(alt_malloc_lock.o)
 .bss           0x001167a0        0x0 ../bsp//libucosii_bsp.a(os_core.o)
 .bss           0x001167a0        0x0 ../bsp//libucosii_bsp.a(os_dbg.o)
 .bss           0x001167a0        0x0 ../bsp//libucosii_bsp.a(os_flag.o)
 .bss           0x001167a0        0x0 ../bsp//libucosii_bsp.a(os_mbox.o)
 .bss           0x001167a0        0x0 ../bsp//libucosii_bsp.a(os_mem.o)
 .bss           0x001167a0        0x0 ../bsp//libucosii_bsp.a(os_q.o)
 .bss           0x001167a0        0x0 ../bsp//libucosii_bsp.a(os_sem.o)
 .bss           0x001167a0        0x0 ../bsp//libucosii_bsp.a(os_task.o)
 .bss           0x001167a0        0x0 ../bsp//libucosii_bsp.a(os_time.o)
 .bss           0x001167a0        0x0 ../bsp//libucosii_bsp.a(os_tmr.o)
 .bss           0x001167a0        0x0 ../bsp//libucosii_bsp.a(alt_sys_init.o)
 .bss           0x001167a0        0x0 ../bsp//libucosii_bsp.a(altera_avalon_jtag_uart_fd.o)
 .bss           0x001167a0        0x0 ../bsp//libucosii_bsp.a(altera_avalon_jtag_uart_init.o)
 .bss           0x001167a0        0x0 ../bsp//libucosii_bsp.a(altera_avalon_jtag_uart_ioctl.o)
 .bss           0x001167a0        0x0 ../bsp//libucosii_bsp.a(altera_avalon_jtag_uart_read.o)
 .bss           0x001167a0        0x0 ../bsp//libucosii_bsp.a(altera_avalon_jtag_uart_write.o)
 .bss           0x001167a0        0x0 ../bsp//libucosii_bsp.a(altera_avalon_timer_sc.o)
 .bss           0x001167a0        0x0 ../bsp//libucosii_bsp.a(altera_up_avalon_character_lcd.o)
 .bss           0x001167a0        0x0 ../bsp//libucosii_bsp.a(alt_dcache_flush_all.o)
 .bss           0x001167a0        0x0 ../bsp//libucosii_bsp.a(alt_dev_llist_insert.o)
 .bss           0x001167a0        0x0 ../bsp//libucosii_bsp.a(alt_do_ctors.o)
 .bss           0x001167a0        0x0 ../bsp//libucosii_bsp.a(alt_do_dtors.o)
 .bss           0x001167a0        0x0 ../bsp//libucosii_bsp.a(alt_find_dev.o)
 .bss           0x001167a0        0x0 ../bsp//libucosii_bsp.a(alt_icache_flush_all.o)
 .bss           0x001167a0        0x0 ../bsp//libucosii_bsp.a(alt_iic.o)
 .bss           0x001167a0        0x0 ../bsp//libucosii_bsp.a(alt_iic_isr_register.o)
 .bss           0x001167a0        0x0 ../bsp//libucosii_bsp.a(alt_io_redirect.o)
 .bss           0x001167a0        0x0 ../bsp//libucosii_bsp.a(alt_irq_entry.o)
 .bss           0x001167a0        0x0 ../bsp//libucosii_bsp.a(alt_irq_handler.o)
 .bss           0x001167a0        0x0 ../bsp//libucosii_bsp.a(alt_irq_vars.o)
 .bss           0x001167a0        0x0 ../bsp//libucosii_bsp.a(alt_open.o)
 .bss           0x001167a0        0x0 ../bsp//libucosii_bsp.a(altera_nios2_qsys_irq.o)
 .bss           0x001167a0        0x0 ../bsp//libucosii_bsp.a(os_cpu_a.o)
 .bss           0x001167a0        0x0 ../bsp//libucosii_bsp.a(os_cpu_c.o)
 .bss           0x001167a0        0x0 ../bsp//libucosii_bsp.a(alt_exception_entry.o)
 .bss           0x001167a0        0x0 ../bsp//libucosii_bsp.a(alt_find_file.o)
 .bss           0x001167a0        0x0 ../bsp//libucosii_bsp.a(alt_get_fd.o)
 .bss           0x001167a0        0x0 /opt/altera/13.0sp1/nios2eds/bin/gnu/H-i686-pc-linux-gnu/bin/../lib/gcc/nios2-elf/4.1.2/../../../../nios2-elf/lib/mno-hw-mul/libc.a(lib_a-atexit.o)
 .bss           0x001167a0        0x0 /opt/altera/13.0sp1/nios2eds/bin/gnu/H-i686-pc-linux-gnu/bin/../lib/gcc/nios2-elf/4.1.2/../../../../nios2-elf/lib/mno-hw-mul/libc.a(lib_a-exit.o)
 .bss           0x001167a0        0x0 /opt/altera/13.0sp1/nios2eds/bin/gnu/H-i686-pc-linux-gnu/bin/../lib/gcc/nios2-elf/4.1.2/../../../../nios2-elf/lib/mno-hw-mul/libc.a(lib_a-memcmp.o)
 .bss           0x001167a0        0x0 /opt/altera/13.0sp1/nios2eds/bin/gnu/H-i686-pc-linux-gnu/bin/../lib/gcc/nios2-elf/4.1.2/../../../../nios2-elf/lib/mno-hw-mul/libc.a(lib_a-__atexit.o)
 .bss           0x001167a0        0x0 /opt/altera/13.0sp1/nios2eds/bin/gnu/H-i686-pc-linux-gnu/bin/../lib/gcc/nios2-elf/4.1.2/../../../../nios2-elf/lib/mno-hw-mul/libc.a(lib_a-__call_atexit.o)
 .bss           0x001167a0        0x0 /opt/altera/13.0sp1/nios2eds/bin/gnu/H-i686-pc-linux-gnu/bin/../lib/gcc/nios2-elf/4.1.2/mno-hw-mul/libgcc.a(_fixunsdfsi.o)
 .bss           0x001167a0        0x0 ../bsp//libucosii_bsp.a(alt_exit.o)
 *(COMMON)
 COMMON         0x001167a0    0x10000 obj/default/cruise_skeleton.o
                0x001167a0                OverloadTask_Stack
                0x001187a0                ControlTask_Stack
                0x0011a7a0                SwitchTask_Stack
                0x0011c7a0                ButtonTask_Stack
                0x0011e7a0                VehicleTask_Stack
                0x001207a0                StartTask_Stack
                0x001227a0                ExtraloadTask_Stack
                0x001247a0                WatchdogTask_Stack
 COMMON         0x001267a0     0x3d74 ../bsp//libucosii_bsp.a(os_core.o)
                0x001267a0                OSTmrWheelTbl
                0x001267b0                OSFlagTbl
                0x00126b20                OSTmrTbl
                0x00126e60                OSMemTbl
                0x00127a90                OSTaskStatStk
                0x00128290                OSQTbl
                0x00128470                OSTmrTaskStk
                0x00128c70                OSTaskIdleStk
                0x00129470                OSEventTbl
                0x00129fb0                OSTCBTbl
                0x0012a4c0                OSTCBPrioTbl
 COMMON         0x0012a514      0x100 ../bsp//libucosii_bsp.a(alt_irq_handler.o)
                0x0012a514                alt_irq
 COMMON         0x0012a614      0x190 /opt/altera/13.0sp1/nios2eds/bin/gnu/H-i686-pc-linux-gnu/bin/../lib/gcc/nios2-elf/4.1.2/../../../../nios2-elf/lib/mno-hw-mul/libc.a(lib_a-atexit.o)
                0x0012a614                _atexit0
                0x0012a7a4                . = ALIGN (0x4)
                0x0012a7a4                __bss_end = ABSOLUTE (.)

.onchip_memory  0x00000000        0x0 load address 0x0012a7a4
                0x00000000                PROVIDE (_alt_partition_onchip_memory_start, ABSOLUTE (.))
 *(.onchip_memory. onchip_memory.*)
                0x00000000                . = ALIGN (0x4)
                0x00000000                PROVIDE (_alt_partition_onchip_memory_end, ABSOLUTE (.))
                0x0012a7a4                PROVIDE (_alt_partition_onchip_memory_load_addr, LOADADDR (.onchip_memory))

.sram           0x0012a7a4        0x0
                0x0012a7a4                PROVIDE (_alt_partition_sram_start, ABSOLUTE (.))
 *(.sram. sram.*)
                0x0012a7a4                . = ALIGN (0x4)
                0x0012a7a4                PROVIDE (_alt_partition_sram_end, ABSOLUTE (.))
                0x0012a7a4                _end = ABSOLUTE (.)
                0x0012a7a4                end = ABSOLUTE (.)
                0x0012a7a4                __alt_stack_base = ABSOLUTE (.)
                0x0012a7a4                PROVIDE (_alt_partition_sram_load_addr, LOADADDR (.sram))

.sdram          0x01000144        0x0 load address 0x0012a7a4
                0x01000144                PROVIDE (_alt_partition_sdram_start, ABSOLUTE (.))
 *(.sdram. sdram.*)
                0x01000144                . = ALIGN (0x4)
                0x01000144                PROVIDE (_alt_partition_sdram_end, ABSOLUTE (.))
                0x0012a7a4                PROVIDE (_alt_partition_sdram_load_addr, LOADADDR (.sdram))

.stab
 *(.stab)

.stabstr
 *(.stabstr)

.stab.excl
 *(.stab.excl)

.stab.exclstr
 *(.stab.exclstr)

.stab.index
 *(.stab.index)

.stab.indexstr
 *(.stab.indexstr)

.comment        0x00000000       0x26
 *(.comment)
 .comment       0x00000000       0x26 obj/default/cruise_skeleton.o
                                 0x27 (size before relaxing)
 .comment       0x00000000       0x27 /opt/altera/13.0sp1/nios2eds/bin/gnu/H-i686-pc-linux-gnu/bin/../lib/gcc/nios2-elf/4.1.2/mno-hw-mul/libgcc.a(_si_to_sf.o)
 .comment       0x00000000       0x27 /opt/altera/13.0sp1/nios2eds/bin/gnu/H-i686-pc-linux-gnu/bin/../lib/gcc/nios2-elf/4.1.2/mno-hw-mul/libgcc.a(_sf_to_df.o)
 .comment       0x00000000       0x27 /opt/altera/13.0sp1/nios2eds/bin/gnu/H-i686-pc-linux-gnu/bin/../lib/gcc/nios2-elf/4.1.2/mno-hw-mul/libgcc.a(_addsub_df.o)
 .comment       0x00000000       0x27 /opt/altera/13.0sp1/nios2eds/bin/gnu/H-i686-pc-linux-gnu/bin/../lib/gcc/nios2-elf/4.1.2/mno-hw-mul/libgcc.a(_div_df.o)
 .comment       0x00000000       0x27 /opt/altera/13.0sp1/nios2eds/bin/gnu/H-i686-pc-linux-gnu/bin/../lib/gcc/nios2-elf/4.1.2/mno-hw-mul/libgcc.a(_si_to_df.o)
 .comment       0x00000000       0x27 /opt/altera/13.0sp1/nios2eds/bin/gnu/H-i686-pc-linux-gnu/bin/../lib/gcc/nios2-elf/4.1.2/mno-hw-mul/libgcc.a(_df_to_si.o)
 .comment       0x00000000       0x27 /opt/altera/13.0sp1/nios2eds/bin/gnu/H-i686-pc-linux-gnu/bin/../lib/gcc/nios2-elf/4.1.2/mno-hw-mul/libgcc.a(_make_df.o)
 .comment       0x00000000       0x27 /opt/altera/13.0sp1/nios2eds/bin/gnu/H-i686-pc-linux-gnu/bin/../lib/gcc/nios2-elf/4.1.2/mno-hw-mul/libgcc.a(_thenan_df.o)
 .comment       0x00000000       0x27 /opt/altera/13.0sp1/nios2eds/bin/gnu/H-i686-pc-linux-gnu/bin/../lib/gcc/nios2-elf/4.1.2/mno-hw-mul/libgcc.a(lib2-divmod.o)
 .comment       0x00000000       0x27 /opt/altera/13.0sp1/nios2eds/bin/gnu/H-i686-pc-linux-gnu/bin/../lib/gcc/nios2-elf/4.1.2/mno-hw-mul/libgcc.a(lib2-mul.o)
 .comment       0x00000000       0x27 /opt/altera/13.0sp1/nios2eds/bin/gnu/H-i686-pc-linux-gnu/bin/../lib/gcc/nios2-elf/4.1.2/mno-hw-mul/libgcc.a(_clzsi2.o)
 .comment       0x00000000       0x27 /opt/altera/13.0sp1/nios2eds/bin/gnu/H-i686-pc-linux-gnu/bin/../lib/gcc/nios2-elf/4.1.2/mno-hw-mul/libgcc.a(_pack_sf.o)
 .comment       0x00000000       0x27 /opt/altera/13.0sp1/nios2eds/bin/gnu/H-i686-pc-linux-gnu/bin/../lib/gcc/nios2-elf/4.1.2/mno-hw-mul/libgcc.a(_unpack_sf.o)
 .comment       0x00000000       0x27 /opt/altera/13.0sp1/nios2eds/bin/gnu/H-i686-pc-linux-gnu/bin/../lib/gcc/nios2-elf/4.1.2/mno-hw-mul/libgcc.a(_pack_df.o)